Component: ARM Compiler 5.06 update 7 (build 960) Tool: armlink [4d3601]

==============================================================================

Section Cross References

    main.o(.text) refers to misc.o(.text) for NVIC_PriorityGroupConfig
    main.o(.text) refers to delay.o(.text) for delay_init
    main.o(.text) refers to led.o(.text) for LED_Init
    main.o(.text) refers to ui.o(.text) for UI_Init
    main.o(.text) refers to key.o(.text) for Key_Init
    main.o(.text) refers to beep.o(.text) for BEEP_Init
    main.o(.text) refers to exti.o(.text) for MYEXTI_Init
    main.o(.text) refers to rc522.o(.text) for RFID_Init
    main.o(.text) refers to usart.o(.text) for USART1_init
    main.o(.text) refers to as608.o(.text) for PS_StaGPIO_Init
    main.o(.text) refers to timer.o(.text) for TIM3_Int_Init
    main.o(.text) refers to as608.o(.data) for AS608Addr
    system_stm32f10x.o(.text) refers to system_stm32f10x.o(.data) for SystemCoreClock
    ui.o(.text) refers to lcd_init.o(.text) for LCD_Init
    ui.o(.text) refers to lcd.o(.text) for LCD_Fill
    ui.o(.text) refers to key.o(.text) for Key_Scan
    ui.o(.text) refers to rc522.o(.text) for Rc522Test
    ui.o(.text) refers to led.o(.text) for EXSanitize
    ui.o(.text) refers to as608user.o(.text) for press_FR
    ui.o(.text) refers to delay.o(.text) for delay_ms
    ui.o(.text) refers to ui.o(.data) for password
    ui.o(.text) refers to exti.o(.data) for exsanitize_flag
    ui.o(.text) refers to timer.o(.data) for Check_flag
    ui.o(.text) refers to as608user.o(.data) for seach
    ui.o(.text) refers to stm32f10x_gpio.o(.text) for GPIO_SetBits
    ui.o(.text) refers to flash.o(.text) for FLASH_Clear
    ui.o(.text) refers to rc522.o(.data) for UI0
    ui.o(.text) refers to as608.o(.text) for PS_Empty
    ui.o(.text) refers to stm32f10x_tim.o(.text) for TIM_Cmd
    ui.o(.text) refers to stm32f10x_rcc.o(.text) for RCC_APB2PeriphClockCmd
    led.o(.text) refers to stm32f10x_rcc.o(.text) for RCC_APB2PeriphClockCmd
    led.o(.text) refers to stm32f10x_gpio.o(.text) for GPIO_Init
    led.o(.text) refers to delay.o(.text) for delay_ms
    key.o(.text) refers to stm32f10x_rcc.o(.text) for RCC_APB2PeriphClockCmd
    key.o(.text) refers to stm32f10x_gpio.o(.text) for GPIO_Init
    key.o(.text) refers to delay.o(.text) for delay_us
    lcd.o(.text) refers to lcd_init.o(.text) for LCD_Address_Set
    lcd.o(.text) refers to lcd.o(.constdata) for tfont32
    lcd.o(.text) refers to fmul.o(x$fpl$fmul) for __aeabi_fmul
    lcd.o(.text) refers to ffixu.o(x$fpl$ffixu) for __aeabi_f2uiz
    lcd_init.o(.text) refers to stm32f10x_rcc.o(.text) for RCC_APB2PeriphClockCmd
    lcd_init.o(.text) refers to stm32f10x_gpio.o(.text) for GPIO_Init
    lcd_init.o(.text) refers to delay.o(.text) for delay_ms
    as608.o(.text) refers to stm32f10x_rcc.o(.text) for RCC_APB2PeriphClockCmd
    as608.o(.text) refers to stm32f10x_gpio.o(.text) for GPIO_Init
    as608.o(.text) refers to delay.o(.text) for delay_ms
    as608.o(.text) refers to strstr.o(.text) for strstr
    as608.o(.text) refers to as608.o(.data) for AS608Addr
    as608.o(.text) refers to usart.o(.data) for USART1_RX_STA
    as608.o(.text) refers to usart.o(.bss) for USART1_RX_BUF
    as608user.o(.text) refers to ui.o(.text) for ClearLcd
    as608user.o(.text) refers to lcd.o(.text) for LCD_ShowChinese
    as608user.o(.text) refers to as608.o(.text) for PS_GetImage
    as608user.o(.text) refers to delay.o(.text) for delay_ms
    as608user.o(.text) refers to key.o(.text) for Key_Scan
    as608user.o(.text) refers to as608user.o(.data) for N
    as608user.o(.text) refers to as608user.o(.bss) for AS608Para
    timer.o(.text) refers to stm32f10x_tim.o(.text) for TIM_GetITStatus
    timer.o(.text) refers to stm32f10x_rcc.o(.text) for RCC_APB1PeriphClockCmd
    timer.o(.text) refers to misc.o(.text) for NVIC_Init
    timer.o(.text) refers to stm32f10x_gpio.o(.text) for GPIO_ReadInputDataBit
    timer.o(.text) refers to usart.o(.data) for USART1_RX_STA
    timer.o(.text) refers to timer.o(.data) for Check_flag
    timer.o(.text) refers to exti.o(.data) for intimcmd_flag
    rc522.o(.text) refers to stm32f10x_rcc.o(.text) for RCC_APB2PeriphClockCmd
    rc522.o(.text) refers to stm32f10x_gpio.o(.text) for GPIO_Init
    rc522.o(.text) refers to rc522.o(.data) for Temp
    exti.o(.text) refers to stm32f10x_rcc.o(.text) for RCC_APB2PeriphClockCmd
    exti.o(.text) refers to stm32f10x_gpio.o(.text) for GPIO_Init
    exti.o(.text) refers to stm32f10x_exti.o(.text) for EXTI_Init
    exti.o(.text) refers to misc.o(.text) for NVIC_Init
    exti.o(.text) refers to stm32f10x_tim.o(.text) for TIM_SetCounter
    exti.o(.text) refers to exti.o(.data) for extimes
    beep.o(.text) refers to stm32f10x_rcc.o(.text) for RCC_APB2PeriphClockCmd
    beep.o(.text) refers to stm32f10x_gpio.o(.text) for GPIO_Init
    delay.o(.text) refers to misc.o(.text) for SysTick_CLKSourceConfig
[...]
    .data                                    0x20000052   Section        4  delay.o(.data)
    fac_us                                   0x20000052   Data           1  delay.o(.data)
    fac_ms                                   0x20000054   Data           2  delay.o(.data)
    .data                                    0x20000056   Section        2  usart.o(.data)
    .data                                    0x20000058   Section       20  stm32f10x_rcc.o(.data)
    APBAHBPrescTable                         0x20000058   Data          16  stm32f10x_rcc.o(.data)
    ADCPrescTable                            0x20000068   Data           4  stm32f10x_rcc.o(.data)
    .bss                                     0x2000006c   Section       12  as608user.o(.bss)
    .bss                                     0x20000078   Section      800  usart.o(.bss)
    .bss                                     0x20000398   Section       96  libspace.o(.bss)
    HEAP                                     0x200003f8   Section      512  startup_stm32f10x_hd.o(HEAP)
    Heap_Mem                                 0x200003f8   Data         512  startup_stm32f10x_hd.o(HEAP)
    STACK                                    0x200005f8   Section     1024  startup_stm32f10x_hd.o(STACK)
    Stack_Mem                                0x200005f8   Data        1024  startup_stm32f10x_hd.o(STACK)
    __initial_sp                             0x200009f8   Data           0  startup_stm32f10x_hd.o(STACK)

    Global Symbols

    Symbol Name                              Value     Ov Type        Size  Object(Section)

    BuildAttributes$$THM_ISAv4$P$D$K$B$S$PE$A:L22UL41UL21$X:L11$S22US41US21$IEEE1$IW$USESV6$~STKCKD$USESV7$~SHL$OTIME$ROPI$IEEEJ$EBA8$UX$STANDARDLIB$REQ8$PRES8$EABIv2 0x00000000   Number         0  anon$$obj.o ABSOLUTE
    __ARM_use_no_argv                        0x00000000   Number         0  main.o ABSOLUTE
    _printf_flags                            0x00000000   Number         0  printf_stubs.o ABSOLUTE
    _printf_return_value                     0x00000000   Number         0  printf_stubs.o ABSOLUTE
    _printf_sizespec                         0x00000000   Number         0  printf_stubs.o ABSOLUTE
    _printf_widthprec                        0x00000000   Number         0  printf_stubs.o ABSOLUTE
    __ARM_exceptions_init                     - Undefined Weak Reference
    __alloca_initialize                       - Undefined Weak Reference
    __arm_fini_                               - Undefined Weak Reference
    __arm_preinit_                            - Undefined Weak Reference
    __cpp_initialize__aeabi_                  - Undefined Weak Reference
    __cxa_finalize                            - Undefined Weak Reference
    __sigvec_lookup                           - Undefined Weak Reference
    _atexit_init                              - Undefined Weak Reference
    _call_atexit_fns                          - Undefined Weak Reference
    _clock_init                               - Undefined Weak Reference
    _fp_trap_init                             - Undefined Weak Reference
    _fp_trap_shutdown                         - Undefined Weak Reference
    _get_lc_collate                           - Undefined Weak Reference
    _get_lc_monetary                          - Undefined Weak Reference
    _get_lc_time                              - Undefined Weak Reference
    _getenv_init                              - Undefined Weak Reference
    _handle_redirection                       - Undefined Weak Reference
    _init_alloc                               - Undefined Weak Reference
    _init_user_alloc                          - Undefined Weak Reference
    _initio                                   - Undefined Weak Reference
    _printf_fp_hex                            - Undefined Weak Reference
    _printf_mbtowc                            - Undefined Weak Reference
    _printf_wc                                - Undefined Weak Reference
    _rand_init                                - Undefined Weak Reference
    _signal_finish                            - Undefined Weak Reference
    _signal_init                              - Undefined Weak Reference
    _terminate_alloc                          - Undefined Weak Reference
    _terminate_user_alloc                     - Undefined Weak Reference
    _terminateio                              - Undefined Weak Reference
    __Vectors_Size                           0x00000130   Number         0  startup_stm32f10x_hd.o ABSOLUTE
    __Vectors                                0x08000000   Data           4  startup_stm32f10x_hd.o(RESET)
    __Vectors_End                            0x08000130   Data           0  startup_stm32f10x_hd.o(RESET)
    __main                                   0x08000131   Thumb Code     8  __main.o(!!!main)
    __scatterload                            0x08000139   Thumb Code     0  __scatter.o(!!!scatter)
    __scatterload_rt2                        0x08000139   Thumb Code    44  __scatter.o(!!!scatter)
    __scatterload_rt2_thumb_only             0x08000139   Thumb Code     0  __scatter.o(!!!scatter)
    __scatterload_null                       0x08000147   Thumb Code     0  __scatter.o(!!!scatter)
    __scatterload_copy                       0x0800016d   Thumb Code    26  __scatter_copy.o(!!handler_copy)
    __scatterload_zeroinit                   0x08000189   Thumb Code    28  __scatter_zi.o(!!handler_zi)
    _printf_n                                0x080001a5   Thumb Code     0  _printf_n.o(.ARM.Collect$$_printf_percent$$00000001)
    _printf_percent                          0x080001a5   Thumb Code     0  _printf_percent.o(.ARM.Collect$$_printf_percent$$00000000)
    _printf_p                                0x080001ab   Thumb Code     0  _printf_p.o(.ARM.Collect$$_printf_percent$$00000002)
    _printf_f                                0x080001b1   Thumb Code     0  _printf_f.o(.ARM.Collect$$_printf_percent$$00000003)
    _printf_e                                0x080001b7   Thumb Code     0  _printf_e.o(.ARM.Collect$$_printf_percent$$00000004)
    _printf_g                                0x080001bd   Thumb Code     0  _printf_g.o(.ARM.Collect$$_printf_percent$$00000005)
    _printf_a                                0x080001c3   Thumb Code     0  _printf_a.o(.ARM.Collect$$_printf_percent$$00000006)
    _printf_ll                               0x080001c9   Thumb Code     0  _printf_ll.o(.ARM.Collect$$_printf_percent$$00000007)
    _printf_i                                0x080001d3   Thumb Code     0  _printf_i.o(.ARM.Collect$$_printf_percent$$00000008)
    _printf_d                                0x080001d9   Thumb Code     0  _printf_d.o(.ARM.Collect$$_printf_percent$$00000009)
    _printf_u                                0x080001df   Thumb Code     0  _printf_u.o(.ARM.Collect$$_printf_percent$$0000000A)
    _printf_o                                0x080001e5   Thumb Code     0  _printf_o.o(.ARM.Collect$$_printf_percent$$0000000B)
    _printf_x                                0x080001eb   Thumb Code     0  _printf_x.o(.ARM.Collect$$_printf_percent$$0000000C)
    _printf_lli                              0x080001f1   Thumb Code     0  _printf_lli.o(.ARM.Collect$$_printf_percent$$0000000D)
    _printf_lld                              0x080001f7   Thumb Code     0  _printf_lld.o(.ARM.Collect$$_printf_percent$$0000000E)
    _printf_llu                              0x080001fd   Thumb Code     0  _printf_llu.o(.ARM.Collect$$_printf_percent$$0000000F)
    _printf_llo                              0x08000203   Thumb Code     0  _printf_llo.o(.ARM.Collect$$_printf_percent$$00000010)
    _printf_llx                              0x08000209   Thumb Code     0  _printf_llx.o(.ARM.Collect$$_printf_percent$$00000011)
    _printf_l                                0x0800020f   Thumb Code     0  _printf_l.o(.ARM.Collect$$_printf_percent$$00000012)
    _printf_c                                0x08000219   Thumb Code     0  _printf_c.o(.ARM.Collect$$_printf_percent$$00000013)
    _printf_s                                0x0800021f   Thumb Code     0  _printf_s.o(.ARM.Collect$$_printf_percent$$00000014)
    _printf_lc                               0x08000225   Thumb Code     0  _printf_lc.o(.ARM.Collect$$_printf_percent$$00000015)
    _printf_ls                               0x0800022b   Thumb Code     0  _printf_ls.o(.ARM.Collect$$_printf_percent$$00000016)
    _printf_percent_end                      0x08000231   Thumb Code     0  _printf_percent_end.o(.ARM.Collect$$_printf_percent$$00000017)
    __rt_lib_init                            0x08000235   Thumb Code     0  libinit.o(.ARM.Collect$$libinit$$00000000)
    __rt_lib_init_fp_1                       0x08000237   Thumb Code     0  libinit2.o(.ARM.Collect$$libinit$$00000002)
    __rt_lib_init_heap_1                     0x08000237   Thumb Code     0  libinit2.o(.ARM.Collect$$libinit$$0000000A)
    __rt_lib_init_lc_common                  0x08000237   Thumb Code     0  libinit2.o(.ARM.Collect$$libinit$$0000000F)
    __rt_lib_init_preinit_1                  0x08000237   Thumb Code     0  libinit2.o(.ARM.Collect$$libinit$$00000004)
    __rt_lib_init_rand_1                     0x08000237   Thumb Code     0  libinit2.o(.ARM.Collect$$libinit$$0000000E)
    __rt_lib_init_user_alloc_1               0x08000237   Thumb Code     0  libinit2.o(.ARM.Collect$$libinit$$0000000C)
    __rt_lib_init_lc_collate_1               0x0800023d   Thumb Code     0  libinit2.o(.ARM.Collect$$libinit$$00000011)
    __rt_lib_init_lc_ctype_2                 0x0800023d   Thumb Code     0  libinit2.o(.ARM.Collect$$libinit$$00000012)
    __rt_lib_init_lc_ctype_1                 0x08000249   Thumb Code     0  libinit2.o(.ARM.Collect$$libinit$$00000013)
    __rt_lib_init_lc_monetary_1              0x08000249   Thumb Code     0  libinit2.o(.ARM.Collect$$libinit$$00000015)
    __rt_lib_init_lc_numeric_2               0x08000249   Thumb Code     0  libinit2.o(.ARM.Collect$$libinit$$00000016)
    __rt_lib_init_alloca_1                   0x08000253   Thumb Code     0  libinit2.o(.ARM.Collect$$libinit$$0000002E)
    __rt_lib_init_argv_1                     0x08000253   Thumb Code     0  libinit2.o(.ARM.Collect$$libinit$$0000002C)
    __rt_lib_init_atexit_1                   0x08000253   Thumb Code     0  libinit2.o(.ARM.Collect$$libinit$$0000001B)
    __rt_lib_init_clock_1                    0x08000253   Thumb Code     0  libinit2.o(.ARM.Collect$$libinit$$00000021)
    __rt_lib_init_cpp_1                      0x08000253   Thumb Code     0  libinit2.o(.ARM.Collect$$libinit$$00000032)
    __rt_lib_init_exceptions_1               0x08000253   Thumb Code     0  libinit2.o(.ARM.Collect$$libinit$$00000030)
    __rt_lib_init_fp_trap_1                  0x08000253   Thumb Code     0  libinit2.o(.ARM.Collect$$libinit$$0000001F)
    __rt_lib_init_getenv_1                   0x08000253   Thumb Code     0  libinit2.o(.ARM.Collect$$libinit$$00000023)
    __rt_lib_init_lc_numeric_1               0x08000253   Thumb Code     0  libinit2.o(.ARM.Collect$$libinit$$00000017)
    __rt_lib_init_lc_time_1                  0x08000253   Thumb Code     0  libinit2.o(.ARM.Collect$$libinit$$00000019)
    __rt_lib_init_return                     0x08000253   Thumb Code     0  libinit2.o(.ARM.Collect$$libinit$$00000033)
    __rt_lib_init_signal_1                   0x08000253   Thumb Code     0  libinit2.o(.ARM.Collect$$libinit$$0000001D)
    __rt_lib_init_stdio_1                    0x08000253   Thumb Code     0  libinit2.o(.ARM.Collect$$libinit$$00000025)
    __rt_lib_shutdown                        0x08000255   Thumb Code     0  libshutdown.o(.ARM.Collect$$libshutdown$$00000000)
    __rt_lib_shutdown_cpp_1                  0x08000257   Thumb Code     0  libshutdown2.o(.ARM.Collect$$libshutdown$$00000004)
    __rt_lib_shutdown_fini_1                 0x08000257   Thumb Code     0  libshutdown2.o(.ARM.Collect$$libshutdown$$00000002)
    __rt_lib_shutdown_fp_trap_1              0x08000257   Thumb Code     0  libshutdown2.o(.ARM.Collect$$libshutdown$$00000009)
    __rt_lib_shutdown_heap_1                 0x08000257   Thumb Code     0  libshutdown2.o(.ARM.Collect$$libshutdown$$00000011)
    __rt_lib_shutdown_return                 0x08000257   Thumb Code     0  libshutdown2.o(.ARM.Collect$$libshutdown$$00000012)
    __rt_lib_shutdown_signal_1               0x08000257   Thumb Code     0  libshutdown2.o(.ARM.Collect$$libshutdown$$0000000C)
    __rt_lib_shutdown_stdio_1                0x08000257   Thumb Code     0  libshutdown2.o(.ARM.Collect$$libshutdown$$00000006)
    __rt_lib_shutdown_user_alloc_1           0x08000257   Thumb Code     0  libshutdown2.o(.ARM.Collect$$libshutdown$$0000000E)
    __rt_entry                               0x08000259   Thumb Code     0  __rtentry.o(.ARM.Collect$$rtentry$$00000000)
    __rt_entry_presh_1                       0x08000259   Thumb Code     0  __rtentry2.o(.ARM.Collect$$rtentry$$00000002)
    __rt_entry_sh                            0x08000259   Thumb Code     0  __rtentry4.o(.ARM.Collect$$rtentry$$00000004)
    __rt_entry_li                            0x0800025f   Thumb Code     0  __rtentry2.o(.ARM.Collect$$rtentry$$0000000A)
    __rt_entry_postsh_1                      0x0800025f   Thumb Code     0  __rtentry2.o(.ARM.Collect$$rtentry$$00000009)
    __rt_entry_main                          0x08000263   Thumb Code     0  __rtentry2.o(.ARM.Collect$$rtentry$$0000000D)
    __rt_entry_postli_1                      0x08000263   Thumb Code     0  __rtentry2.o(.ARM.Collect$$rtentry$$0000000C)
    __rt_exit                                0x0800026b   Thumb Code     0  rtexit.o(.ARM.Collect$$rtexit$$00000000)
    __rt_exit_ls                             0x0800026d   Thumb Code     0  rtexit2.o(.ARM.Collect$$rtexit$$00000003)
    __rt_exit_prels_1                        0x0800026d   Thumb Code     0  rtexit2.o(.ARM.Collect$$rtexit$$00000002)
    __rt_exit_exit                           0x08000271   Thumb Code     0  rtexit2.o(.ARM.Collect$$rtexit$$00000004)
    main                                     0x08000279   Thumb Code   116  main.o(.text)
    NMI_Handler                              0x08000305   Thumb Code     2  stm32f10x_it.o(.text)
    HardFault_Handler                        0x08000307   Thumb Code     4  stm32f10x_it.o(.text)
    MemManage_Handler                        0x0800030b   Thumb Code     4  stm32f10x_it.o(.text)
    BusFault_Handler                         0x0800030f   Thumb Code     4  stm32f10x_it.o(.text)
    UsageFault_Handler                       0x08000313   Thumb Code     4  stm32f10x_it.o(.text)
    SVC_Handler                              0x08000317   Thumb Code     2  stm32f10x_it.o(.text)
    DebugMon_Handler                         0x08000319   Thumb Code     2  stm32f10x_it.o(.text)
    PendSV_Handler                           0x0800031b   Thumb Code     2  stm32f10x_it.o(.text)
    SysTick_Handler                          0x0800031d   Thumb Code     2  stm32f10x_it.o(.text)
    SystemInit                               0x080003ff   Thumb Code    78  system_stm32f10x.o(.text)
    SystemCoreClockUpdate                    0x0800044d   Thumb Code   142  system_stm32f10x.o(.text)
    UI_Init                                  0x08000501   Thumb Code    26  ui.o(.text)
    ClearLcd                                 0x0800051b   Thumb Code    22  ui.o(.text)
    ShowMenu                                 0x08000531   Thumb Code   332  ui.o(.text)
    Show_Chinese_Tips                        0x0800067d   Thumb Code    34  ui.o(.text)
    Set_password                             0x0800069f   Thumb Code   178  ui.o(.text)
    Mystr_cmp                                0x08000751   Thumb Code    34  ui.o(.text)
    RFID_Check                               0x08000773   Thumb Code    90  ui.o(.text)
    Comp_password                            0x080007cd   Thumb Code   614  ui.o(.text)
    Succes_Tips                              0x08000a33   Thumb Code    64  ui.o(.text)
    Open_door                                0x08000a73   Thumb Code   120  ui.o(.text)
    Main_UI                                  0x08000aeb   Thumb Code   270  ui.o(.text)
    Set_developer_password                   0x08000bf9   Thumb Code   182  ui.o(.text)
    Delete_Card                              0x08000caf   Thumb Code   916  ui.o(.text)
    Error_Tips                               0x08001043   Thumb Code    40  ui.o(.text)
    Add_Card                                 0x0800106b   Thumb Code  1108  ui.o(.text)
    Select_IC                                0x080014bf   Thumb Code    80  ui.o(.text)
    IC_UI                                    0x0800150f   Thumb Code   162  ui.o(.text)
    IC_GUI                                   0x080015b1   Thumb Code    32  ui.o(.text)
    Delete_FR                                0x080015d1   Thumb Code   270  ui.o(.text)
    Select_Finger                            0x080016df   Thumb Code    66  ui.o(.text)
    Finger_UI                                0x08001721   Thumb Code   162  ui.o(.text)
    Finger_GUI                               0x080017c3   Thumb Code   178  ui.o(.text)
    Select_Menu                              0x08001875   Thumb Code    94  ui.o(.text)
    Check_developer                          0x080018d3   Thumb Code   264  ui.o(.text)
    GUI_begin                                0x080019db   Thumb Code    82  ui.o(.text)
    Read_Card                                0x08001a2d   Thumb Code   188  ui.o(.text)
    Openio_Init                              0x08001ae9   Thumb Code    50  ui.o(.text)
    LED_Init                                 0x08001ba1   Thumb Code    50  led.o(.text)
    Sanitize_LED_Init                        0x08001bd3   Thumb Code    46  led.o(.text)
    EXSanitize                               0x08001c01   Thumb Code    58  led.o(.text)
    INSanitize                               0x08001c3b   Thumb Code    58  led.o(.text)
    Key_Init                                 0x08001c85   Thumb Code    62  key.o(.text)
    Key_Scan                                 0x08001cc3   Thumb Code   520  key.o(.text)
    LCD_Fill                                 0x08001ed1   Thumb Code    74  lcd.o(.text)
    LCD_DrawPoint                            0x08001f1b   Thumb Code    28  lcd.o(.text)
    LCD_DrawLine                             0x08001f37   Thumb Code   172  lcd.o(.text)
    LCD_DrawRectangle                        0x08001fe3   Thumb Code    74  lcd.o(.text)
    Draw_Circle                              0x0800202d   Thumb Code   158  lcd.o(.text)
    LCD_ShowChinese32x32                     0x080020cb   Thumb Code   306  lcd.o(.text)
    LCD_ShowChinese24x24                     0x080021fd   Thumb Code   322  lcd.o(.text)
    LCD_ShowChinese16x16                     0x0800233f   Thumb Code   306  lcd.o(.text)
    LCD_ShowChinese12x12                     0x08002471   Thumb Code   340  lcd.o(.text)
    LCD_ShowChinese                          0x080025c5   Thumb Code   140  lcd.o(.text)
    LCD_ShowChar                             0x08002651   Thumb Code   328  lcd.o(.text)
    LCD_ShowString                           0x08002799   Thumb Code    66  lcd.o(.text)
    mypow                                    0x080027db   Thumb Code    22  lcd.o(.text)
    LCD_ShowIntNum                           0x080027f1   Thumb Code   150  lcd.o(.text)
    LCD_ShowFloatNum1                        0x08002887   Thumb Code   184  lcd.o(.text)
    LCD_ShowPicture                          0x0800293f   Thumb Code   102  lcd.o(.text)
    LCD_GPIO_Init                            0x080029a5   Thumb Code    46  lcd_init.o(.text)
    LCD_Writ_Bus                             0x080029d3   Thumb Code    78  lcd_init.o(.text)
    LCD_WR_DATA8                             0x08002a21   Thumb Code    12  lcd_init.o(.text)
    LCD_WR_DATA                              0x08002a2d   Thumb Code    18  lcd_init.o(.text)
    LCD_WR_REG                               0x08002a3f   Thumb Code    28  lcd_init.o(.text)
    LCD_Address_Set                          0x08002a5b   Thumb Code    66  lcd_init.o(.text)
    LCD_Init                                 0x08002a9d   Thumb Code   500  lcd_init.o(.text)
    PS_StaGPIO_Init                          0x08002c95   Thumb Code    38  as608.o(.text)
    PS_GetImage                              0x08002dc7   Thumb Code    58  as608.o(.text)
    PS_GenChar                               0x08002e01   Thumb Code    70  as608.o(.text)
    PS_Match                                 0x08002e47   Thumb Code    58  as608.o(.text)
    PS_Search                                0x08002e81   Thumb Code   144  as608.o(.text)
    PS_RegModel                              0x08002f11   Thumb Code    58  as608.o(.text)
    PS_StoreChar                             0x08002f4b   Thumb Code    96  as608.o(.text)
    PS_DeletChar                             0x08002fab   Thumb Code   108  as608.o(.text)
    PS_Empty                                 0x08003017   Thumb Code    58  as608.o(.text)
    PS_WriteReg                              0x08003051   Thumb Code   104  as608.o(.text)
    PS_ReadSysPara                           0x080030b9   Thumb Code   108  as608.o(.text)
    PS_SetAddr                               0x08003125   Thumb Code   120  as608.o(.text)
    PS_WriteNotepad                          0x0800319d   Thumb Code   106  as608.o(.text)
    PS_ReadNotepad                           0x08003207   Thumb Code    96  as608.o(.text)
    PS_HighSpeedSearch                       0x08003267   Thumb Code   144  as608.o(.text)
    PS_ValidTempleteNum                      0x080032f7   Thumb Code    74  as608.o(.text)
    PS_HandShake                             0x08003341   Thumb Code   118  as608.o(.text)
    EnsureMessage                            0x080033b7   Thumb Code   140  as608.o(.text)
    Add_FR                                   0x08003635   Thumb Code   610  as608user.o(.text)
    ShowErrMessage                           0x08003897   Thumb Code    22  as608user.o(.text)
    Del_FR                                   0x080038ad   Thumb Code    52  as608user.o(.text)
    press_FR                                 0x080038e1   Thumb Code    50  as608user.o(.text)
    TIM4_IRQHandler                          0x08003a05   Thumb Code    42  timer.o(.text)
    TIM4_Int_Init                            0x08003a2f   Thumb Code    88  timer.o(.text)
    TIM2_Init                                0x08003a87   Thumb Code    92  timer.o(.text)
    TIM2_IRQHandler                          0x08003ae3   Thumb Code    28  timer.o(.text)
    TIM3_Int_Init                            0x08003aff   Thumb Code    90  timer.o(.text)
    TIM3_IRQHandler                          0x08003b59   Thumb Code    52  timer.o(.text)
    PcdInit                                  0x08003ba9   Thumb Code   176  rc522.o(.text)
    WriteRawRC                               0x08003c59   Thumb Code   162  rc522.o(.text)
    ReadRawRC                                0x08003cfb   Thumb Code   152  rc522.o(.text)
    SetBitMask                               0x08003d93   Thumb Code    28  rc522.o(.text)
    ClearBitMask                             0x08003daf   Thumb Code    28  rc522.o(.text)
    PcdComMF522                              0x08003dcb   Thumb Code   306  rc522.o(.text)
    PcdRequest                               0x08003efd   Thumb Code    84  rc522.o(.text)
    PcdAnticoll                              0x08003f51   Thumb Code   120  rc522.o(.text)
    CalulateCRC                              0x08003fc9   Thumb Code   108  rc522.o(.text)
    PcdSelect                                0x08004035   Thumb Code   114  rc522.o(.text)
    PcdAuthState                             0x080040a7   Thumb Code   110  rc522.o(.text)
    PcdRead                                  0x08004115   Thumb Code    84  rc522.o(.text)
    PcdWrite                                 0x08004169   Thumb Code   146  rc522.o(.text)
    PcdHalt                                  0x080041fb   Thumb Code    50  rc522.o(.text)
    delay_10ms                               0x0800422d   Thumb Code    26  rc522.o(.text)
    PcdReset                                 0x08004247   Thumb Code   110  rc522.o(.text)
    PcdAntennaOn                             0x080042b5   Thumb Code    26  rc522.o(.text)
    M500PcdConfigISOType                     0x080042cf   Thumb Code    92  rc522.o(.text)
    PcdAntennaOff                            0x0800432b   Thumb Code    12  rc522.o(.text)
    WaitCardOff                              0x08004337   Thumb Code    50  rc522.o(.text)
    RFID_Init                                0x08004369   Thumb Code    26  rc522.o(.text)
    Rc522Test                                0x08004383   Thumb Code   252  rc522.o(.text)
    MYEXTI_Init                              0x0800449d   Thumb Code   102  exti.o(.text)
    EXTI15_10_IRQHandler                     0x08004503   Thumb Code   204  exti.o(.text)
    BEEP_Init                                0x080045ed   Thumb Code    50  beep.o(.text)
    delay_init                               0x08004625   Thumb Code    50  delay.o(.text)
    delay_us                                 0x08004657   Thumb Code    72  delay.o(.text)
    delay_ms                                 0x0800469f   Thumb Code    72  delay.o(.text)
    USART1_IRQHandler                        0x080046f9   Thumb Code    94  usart.o(.text)
    USART1_init                              0x08004757   Thumb Code   188  usart.o(.text)
    u1_printf                                0x08004813   Thumb Code    72  usart.o(.text)
    FLASH_W                                  0x08004875   Thumb Code    78  flash.o(.text)
    FLASH_R                                  0x080048c3   Thumb Code     6  flash.o(.text)
    FLASH_Clear                              0x080048c9   Thumb Code    32  flash.o(.text)
    Reset_Handler                            0x080048e9   Thumb Code     8  startup_stm32f10x_hd.o(.text)
    ADC1_2_IRQHandler                        0x08004903   Thumb Code     0  startup_stm32f10x_hd.o(.text)
    ADC3_IRQHandler                          0x08004903   Thumb Code     0  startup_stm32f10x_hd.o(.text)
    CAN1_RX1_IRQHandler                      0x08004903   Thumb Code     0  startup_stm32f10x_hd.o(.text)
    CAN1_SCE_IRQHandler                      0x08004903   Thumb Code     0  startup_stm32f10x_hd.o(.text)
    DMA1_Channel1_IRQHandler                 0x08004903   Thumb Code     0  startup_stm32f10x_hd.o(.text)
    DMA1_Channel2_IRQHandler                 0x08004903   Thumb Code     0  startup_stm32f10x_hd.o(.text)
    DMA1_Channel3_IRQHandler                 0x08004903   Thumb Code     0  startup_stm32f10x_hd.o(.text)
    DMA1_Channel4_IRQHandler                 0x08004903   Thumb Code     0  startup_stm32f10x_hd.o(.text)
    DMA1_Channel5_IRQHandler                 0x08004903   Thumb Code     0  startup_stm32f10x_hd.o(.text)
    DMA1_Channel6_IRQHandler                 0x08004903   Thumb Code     0  startup_stm32f10x_hd.o(.text)
    DMA1_Channel7_IRQHandler                 0x08004903   Thumb Code     0  startup_stm32f10x_hd.o(.text)
    DMA2_Channel1_IRQHandler                 0x08004903   Thumb Code     0  startup_stm32f10x_hd.o(.text)
    DMA2_Channel2_IRQHandler                 0x08004903   Thumb Code     0  startup_stm32f10x_hd.o(.text)
    DMA2_Channel3_IRQHandler                 0x08004903   Thumb Code     0  startup_stm32f10x_hd.o(.text)
    DMA2_Channel4_5_IRQHandler               0x08004903   Thumb Code     0  startup_stm32f10x_hd.o(.text)
    EXTI0_IRQHandler                         0x08004903   Thumb Code     0  startup_stm32f10x_hd.o(.text)
    EXTI1_IRQHandler                         0x08004903   Thumb Code     0  startup_stm32f10x_hd.o(.text)
    EXTI2_IRQHandler                         0x08004903   Thumb Code     0  startup_stm32f10x_hd.o(.text)
    EXTI3_IRQHandler                         0x08004903   Thumb Code     0  startup_stm32f10x_hd.o(.text)
    EXTI4_IRQHandler                         0x08004903   Thumb Code     0  startup_stm32f10x_hd.o(.text)
    EXTI9_5_IRQHandler                       0x08004903   Thumb Code     0  startup_stm32f10x_hd.o(.text)
    FLASH_IRQHandler                         0x08004903   Thumb Code     0  startup_stm32f10x_hd.o(.text)
    FSMC_IRQHandler                          0x08004903   Thumb Code     0  startup_stm32f10x_hd.o(.text)
    I2C1_ER_IRQHandler                       0x08004903   Thumb Code     0  startup_stm32f10x_hd.o(.text)
    I2C1_EV_IRQHandler                       0x08004903   Thumb Code     0  startup_stm32f10x_hd.o(.text)
    I2C2_ER_IRQHandler                       0x08004903   Thumb Code     0  startup_stm32f10x_hd.o(.text)
    I2C2_EV_IRQHandler                       0x08004903   Thumb Code     0  startup_stm32f10x_hd.o(.text)
    PVD_IRQHandler                           0x08004903   Thumb Code     0  startup_stm32f10x_hd.o(.text)
    RCC_IRQHandler                           0x08004903   Thumb Code     0  startup_stm32f10x_hd.o(.text)
    RTCAlarm_IRQHandler                      0x08004903   Thumb Code     0  startup_stm32f10x_hd.o(.text)
    RTC_IRQHandler                           0x08004903   Thumb Code     0  startup_stm32f10x_hd.o(.text)
    SDIO_IRQHandler                          0x08004903   Thumb Code     0  startup_stm32f10x_hd.o(.text)
    SPI1_IRQHandler                          0x08004903   Thumb Code     0  startup_stm32f10x_hd.o(.text)
    SPI2_IRQHandler                          0x08004903   Thumb Code     0  startup_stm32f10x_hd.o(.text)
    SPI3_IRQHandler                          0x08004903   Thumb Code     0  startup_stm32f10x_hd.o(.text)
    TAMPER_IRQHandler                        0x08004903   Thumb Code     0  startup_stm32f10x_hd.o(.text)
    TIM1_BRK_IRQHandler                      0x08004903   Thumb Code     0  startup_stm32f10x_hd.o(.text)
    TIM1_CC_IRQHandler                       0x08004903   Thumb Code     0  startup_stm32f10x_hd.o(.text)
    TIM1_TRG_COM_IRQHandler                  0x08004903   Thumb Code     0  startup_stm32f10x_hd.o(.text)
    TIM1_UP_IRQHandler                       0x08004903   Thumb Code     0  startup_stm32f10x_hd.o(.text)
    TIM5_IRQHandler                          0x08004903   Thumb Code     0  startup_stm32f10x_hd.o(.text)
    TIM6_IRQHandler                          0x08004903   Thumb Code     0  startup_stm32f10x_hd.o(.text)
    TIM7_IRQHandler                          0x08004903   Thumb Code     0  startup_stm32f10x_hd.o(.text)
    TIM8_BRK_IRQHandler                      0x08004903   Thumb Code     0  startup_stm32f10x_hd.o(.text)
    TIM8_CC_IRQHandler                       0x08004903   Thumb Code     0  startup_stm32f10x_hd.o(.text)
    TIM8_TRG_COM_IRQHandler                  0x08004903   Thumb Code     0  startup_stm32f10x_hd.o(.text)
    TIM8_UP_IRQHandler                       0x08004903   Thumb Code     0  startup_stm32f10x_hd.o(.text)
    UART4_IRQHandler                         0x08004903   Thumb Code     0  startup_stm32f10x_hd.o(.text)
    UART5_IRQHandler                         0x08004903   Thumb Code     0  startup_stm32f10x_hd.o(.text)
    USART2_IRQHandler                        0x08004903   Thumb Code     0  startup_stm32f10x_hd.o(.text)
    USART3_IRQHandler                        0x08004903   Thumb Code     0  startup_stm32f10x_hd.o(.text)
    USBWakeUp_IRQHandler                     0x08004903   Thumb Code     0  startup_stm32f10x_hd.o(.text)
    USB_HP_CAN1_TX_IRQHandler                0x08004903   Thumb Code     0  startup_stm32f10x_hd.o(.text)
    USB_LP_CAN1_RX0_IRQHandler               0x08004903   Thumb Code     0  startup_stm32f10x_hd.o(.text)
    WWDG_IRQHandler                          0x08004903   Thumb Code     0  startup_stm32f10x_hd.o(.text)
    __user_initial_stackheap                 0x08004905   Thumb Code     0  startup_stm32f10x_hd.o(.text)
    NVIC_PriorityGroupConfig                 0x08004929   Thumb Code    10  misc.o(.text)
    NVIC_Init                                0x08004933   Thumb Code   100  misc.o(.text)
    NVIC_SetVectorTable                      0x08004997   Thumb Code    14  misc.o(.text)
    NVIC_SystemLPConfig                      0x080049a5   Thumb Code    34  misc.o(.text)
    SysTick_CLKSourceConfig                  0x080049c7   Thumb Code    40  misc.o(.text)
    GPIO_DeInit                              0x08004a05   Thumb Code   172  stm32f10x_gpio.o(.text)
    GPIO_AFIODeInit                          0x08004ab1   Thumb Code    20  stm32f10x_gpio.o(.text)
    GPIO_Init                                0x08004ac5   Thumb Code   278  stm32f10x_gpio.o(.text)
    GPIO_StructInit                          0x08004bdb   Thumb Code    16  stm32f10x_gpio.o(.text)
    GPIO_ReadInputDataBit                    0x08004beb   Thumb Code    18  stm32f10x_gpio.o(.text)
    GPIO_ReadInputData                       0x08004bfd   Thumb Code     8  stm32f10x_gpio.o(.text)
    GPIO_ReadOutputDataBit                   0x08004c05   Thumb Code    18  stm32f10x_gpio.o(.text)
    GPIO_ReadOutputData                      0x08004c17   Thumb Code     8  stm32f10x_gpio.o(.text)
    GPIO_SetBits                             0x08004c1f   Thumb Code     4  stm32f10x_gpio.o(.text)
    GPIO_ResetBits                           0x08004c23   Thumb Code     4  stm32f10x_gpio.o(.text)
    GPIO_WriteBit                            0x08004c27   Thumb Code    10  stm32f10x_gpio.o(.text)
    GPIO_Write                               0x08004c31   Thumb Code     4  stm32f10x_gpio.o(.text)
    GPIO_PinLockConfig                       0x08004c35   Thumb Code    18  stm32f10x_gpio.o(.text)
    GPIO_EventOutputConfig                   0x08004c47   Thumb Code    26  stm32f10x_gpio.o(.text)
    GPIO_EventOutputCmd                      0x08004c61   Thumb Code     6  stm32f10x_gpio.o(.text)
    GPIO_PinRemapConfig                      0x08004c67   Thumb Code   138  stm32f10x_gpio.o(.text)
    GPIO_EXTILineConfig                      0x08004cf1   Thumb Code    66  stm32f10x_gpio.o(.text)
    GPIO_ETH_MediaInterfaceConfig            0x08004d33   Thumb Code     8  stm32f10x_gpio.o(.text)
    RCC_DeInit                               0x08004d61   Thumb Code    64  stm32f10x_rcc.o(.text)
    RCC_HSEConfig                            0x08004da1   Thumb Code    70  stm32f10x_rcc.o(.text)
    RCC_GetFlagStatus                        0x08004de7   Thumb Code    56  stm32f10x_rcc.o(.text)
    RCC_WaitForHSEStartUp                    0x08004e1f   Thumb Code    56  stm32f10x_rcc.o(.text)
    RCC_AdjustHSICalibrationValue            0x08004e57   Thumb Code    20  stm32f10x_rcc.o(.text)
    RCC_HSICmd                               0x08004e6b   Thumb Code     6  stm32f10x_rcc.o(.text)
    RCC_PLLConfig                            0x08004e71   Thumb Code    24  stm32f10x_rcc.o(.text)
    RCC_PLLCmd                               0x08004e89   Thumb Code     6  stm32f10x_rcc.o(.text)
    RCC_SYSCLKConfig                         0x08004e8f   Thumb Code    18  stm32f10x_rcc.o(.text)
    RCC_GetSYSCLKSource                      0x08004ea1   Thumb Code    10  stm32f10x_rcc.o(.text)
    RCC_HCLKConfig                           0x08004eab   Thumb Code    18  stm32f10x_rcc.o(.text)
    RCC_PCLK1Config                          0x08004ebd   Thumb Code    18  stm32f10x_rcc.o(.text)
    RCC_PCLK2Config                          0x08004ecf   Thumb Code    20  stm32f10x_rcc.o(.text)
    RCC_ITConfig                             0x08004ee3   Thumb Code    26  stm32f10x_rcc.o(.text)
    RCC_USBCLKConfig                         0x08004efd   Thumb Code     8  stm32f10x_rcc.o(.text)
    RCC_ADCCLKConfig                         0x08004f05   Thumb Code    18  stm32f10x_rcc.o(.text)
    RCC_LSEConfig                            0x08004f17   Thumb Code    50  stm32f10x_rcc.o(.text)
    RCC_LSICmd                               0x08004f49   Thumb Code     6  stm32f10x_rcc.o(.text)
    RCC_RTCCLKConfig                         0x08004f4f   Thumb Code    12  stm32f10x_rcc.o(.text)
    RCC_RTCCLKCmd                            0x08004f5b   Thumb Code     8  stm32f10x_rcc.o(.text)
    RCC_GetClocksFreq                        0x08004f63   Thumb Code   192  stm32f10x_rcc.o(.text)
    RCC_AHBPeriphClockCmd                    0x08005023   Thumb Code    26  stm32f10x_rcc.o(.text)
    RCC_APB2PeriphClockCmd                   0x0800503d   Thumb Code    26  stm32f10x_rcc.o(.text)
    RCC_APB1PeriphClockCmd                   0x08005057   Thumb Code    26  stm32f10x_rcc.o(.text)
    RCC_APB2PeriphResetCmd                   0x08005071   Thumb Code    26  stm32f10x_rcc.o(.text)
    RCC_APB1PeriphResetCmd                   0x0800508b   Thumb Code    26  stm32f10x_rcc.o(.text)
    RCC_BackupResetCmd                       0x080050a5   Thumb Code     8  stm32f10x_rcc.o(.text)
    RCC_ClockSecuritySystemCmd               0x080050ad   Thumb Code     6  stm32f10x_rcc.o(.text)
    RCC_MCOConfig                            0x080050b3   Thumb Code     6  stm32f10x_rcc.o(.text)
    RCC_ClearFlag                            0x080050b9   Thumb Code    14  stm32f10x_rcc.o(.text)
    RCC_GetITStatus                          0x080050c7   Thumb Code    20  stm32f10x_rcc.o(.text)
    RCC_ClearITPendingBit                    0x080050db   Thumb Code     6  stm32f10x_rcc.o(.text)
    USART_DeInit                             0x08005105   Thumb Code   134  stm32f10x_usart.o(.text)
    USART_Init                               0x0800518b   Thumb Code   210  stm32f10x_usart.o(.text)
    USART_StructInit                         0x0800525d   Thumb Code    24  stm32f10x_usart.o(.text)
    USART_ClockInit                          0x08005275   Thumb Code    34  stm32f10x_usart.o(.text)
    USART_ClockStructInit                    0x08005297   Thumb Code    12  stm32f10x_usart.o(.text)
    USART_Cmd                                0x080052a3   Thumb Code    24  stm32f10x_usart.o(.text)
    USART_ITConfig                           0x080052bb   Thumb Code    74  stm32f10x_usart.o(.text)
    USART_DMACmd                             0x08005305   Thumb Code    18  stm32f10x_usart.o(.text)
    USART_SetAddress                         0x08005317   Thumb Code    18  stm32f10x_usart.o(.text)
    USART_WakeUpConfig                       0x08005329   Thumb Code    18  stm32f10x_usart.o(.text)
    USART_ReceiverWakeUpCmd                  0x0800533b   Thumb Code    24  stm32f10x_usart.o(.text)
    USART_LINBreakDetectLengthConfig         0x08005353   Thumb Code    18  stm32f10x_usart.o(.text)
    USART_LINCmd                             0x08005365   Thumb Code    24  stm32f10x_usart.o(.text)
    USART_SendData                           0x0800537d   Thumb Code     8  stm32f10x_usart.o(.text)
    USART_ReceiveData                        0x08005385   Thumb Code    10  stm32f10x_usart.o(.text)
    USART_SendBreak                          0x0800538f   Thumb Code    10  stm32f10x_usart.o(.text)
    USART_SetGuardTime                       0x08005399   Thumb Code    16  stm32f10x_usart.o(.text)
    USART_SetPrescaler                       0x080053a9   Thumb Code    16  stm32f10x_usart.o(.text)
    USART_SmartCardCmd                       0x080053b9   Thumb Code    24  stm32f10x_usart.o(.text)
    USART_SmartCardNACKCmd                   0x080053d1   Thumb Code    24  stm32f10x_usart.o(.text)
    USART_HalfDuplexCmd                      0x080053e9   Thumb Code    24  stm32f10x_usart.o(.text)
    USART_OverSampling8Cmd                   0x08005401   Thumb Code    22  stm32f10x_usart.o(.text)
    USART_OneBitMethodCmd                    0x08005417   Thumb Code    24  stm32f10x_usart.o(.text)
    USART_IrDAConfig                         0x0800542f   Thumb Code    18  stm32f10x_usart.o(.text)
    USART_IrDACmd                            0x08005441   Thumb Code    24  stm32f10x_usart.o(.text)
    USART_GetFlagStatus                      0x08005459   Thumb Code    26  stm32f10x_usart.o(.text)
    USART_ClearFlag                          0x08005473   Thumb Code    18  stm32f10x_usart.o(.text)
    USART_GetITStatus                        0x08005485   Thumb Code    84  stm32f10x_usart.o(.text)
    USART_ClearITPendingBit                  0x080054d9   Thumb Code    52  stm32f10x_usart.o(.text)
    TIM_DeInit                               0x0800550d   Thumb Code   424  stm32f10x_tim.o(.text)
    TIM_TimeBaseInit                         0x080056b5   Thumb Code   122  stm32f10x_tim.o(.text)
    TIM_OC1Init                              0x0800572f   Thumb Code   132  stm32f10x_tim.o(.text)
    TIM_OC2Init                              0x080057b3   Thumb Code   154  stm32f10x_tim.o(.text)
    TIM_OC3Init                              0x0800584d   Thumb Code   150  stm32f10x_tim.o(.text)
    TIM_OC4Init                              0x080058e3   Thumb Code   182  stm32f10x_tim.o(.text)
    TIM_SetIC4Prescaler                      0x08005999   Thumb Code    26  stm32f10x_tim.o(.text)
    TIM_SetIC3Prescaler                      0x08005a35   Thumb Code    18  stm32f10x_tim.o(.text)
    TIM_SetIC2Prescaler                      0x08005ac1   Thumb Code    26  stm32f10x_tim.o(.text)
    TIM_SetIC1Prescaler                      0x08005b5d   Thumb Code    18  stm32f10x_tim.o(.text)
    TIM_ICInit                               0x08005bdb   Thumb Code   150  stm32f10x_tim.o(.text)
    TIM_PWMIConfig                           0x08005c71   Thumb Code   124  stm32f10x_tim.o(.text)
    TIM_BDTRConfig                           0x08005ced   Thumb Code    32  stm32f10x_tim.o(.text)
    TIM_TimeBaseStructInit                   0x08005d0d   Thumb Code    18  stm32f10x_tim.o(.text)
    TIM_OCStructInit                         0x08005d1f   Thumb Code    20  stm32f10x_tim.o(.text)
    TIM_ICStructInit                         0x08005d33   Thumb Code    18  stm32f10x_tim.o(.text)
    TIM_BDTRStructInit                       0x08005d45   Thumb Code    40  stm32f10x_tim.o(.text)
    TIM_Cmd                                  0x08005d6d   Thumb Code    24  stm32f10x_tim.o(.text)
    TIM_CtrlPWMOutputs                       0x08005d85   Thumb Code    30  stm32f10x_tim.o(.text)
    TIM_ITConfig                             0x08005da3   Thumb Code    18  stm32f10x_tim.o(.text)
    TIM_GenerateEvent                        0x08005db5   Thumb Code     4  stm32f10x_tim.o(.text)
    TIM_DMAConfig                            0x08005db9   Thumb Code    10  stm32f10x_tim.o(.text)
    TIM_DMACmd                               0x08005dc3   Thumb Code    18  stm32f10x_tim.o(.text)
    TIM_InternalClockConfig                  0x08005dd5   Thumb Code    12  stm32f10x_tim.o(.text)
    TIM_SelectInputTrigger                   0x08005de1   Thumb Code    18  stm32f10x_tim.o(.text)
    TIM_ITRxExternalClockConfig              0x08005df3   Thumb Code    24  stm32f10x_tim.o(.text)
    TIM_TIxExternalClockConfig               0x08005e0b   Thumb Code    62  stm32f10x_tim.o(.text)
    TIM_ETRConfig                            0x08005e49   Thumb Code    28  stm32f10x_tim.o(.text)
    TIM_ETRClockMode1Config                  0x08005e65   Thumb Code    54  stm32f10x_tim.o(.text)
    TIM_ETRClockMode2Config                  0x08005e9b   Thumb Code    32  stm32f10x_tim.o(.text)
    TIM_PrescalerConfig                      0x08005ebb   Thumb Code     6  stm32f10x_tim.o(.text)
    TIM_CounterModeConfig                    0x08005ec1   Thumb Code    18  stm32f10x_tim.o(.text)
    TIM_EncoderInterfaceConfig               0x08005ed3   Thumb Code    66  stm32f10x_tim.o(.text)
    TIM_ForcedOC1Config                      0x08005f15   Thumb Code    18  stm32f10x_tim.o(.text)
    TIM_ForcedOC2Config                      0x08005f27   Thumb Code    26  stm32f10x_tim.o(.text)
    TIM_ForcedOC3Config                      0x08005f41   Thumb Code    18  stm32f10x_tim.o(.text)
    TIM_ForcedOC4Config                      0x08005f53   Thumb Code    26  stm32f10x_tim.o(.text)
    TIM_ARRPreloadConfig                     0x08005f6d   Thumb Code    24  stm32f10x_tim.o(.text)
    TIM_SelectCOM                            0x08005f85   Thumb Code    24  stm32f10x_tim.o(.text)
    TIM_SelectCCDMA                          0x08005f9d   Thumb Code    24  stm32f10x_tim.o(.text)
    TIM_CCPreloadControl                     0x08005fb5   Thumb Code    24  stm32f10x_tim.o(.text)
    TIM_OC1PreloadConfig                     0x08005fcd   Thumb Code    18  stm32f10x_tim.o(.text)
    TIM_OC2PreloadConfig                     0x08005fdf   Thumb Code    26  stm32f10x_tim.o(.text)
    TIM_OC3PreloadConfig                     0x08005ff9   Thumb Code    18  stm32f10x_tim.o(.text)
    TIM_OC4PreloadConfig                     0x0800600b   Thumb Code    26  stm32f10x_tim.o(.text)
    TIM_OC1FastConfig                        0x08006025   Thumb Code    18  stm32f10x_tim.o(.text)
    TIM_OC2FastConfig                        0x08006037   Thumb Code    26  stm32f10x_tim.o(.text)
    TIM_OC3FastConfig                        0x08006051   Thumb Code    18  stm32f10x_tim.o(.text)
    TIM_OC4FastConfig                        0x08006063   Thumb Code    26  stm32f10x_tim.o(.text)
    TIM_ClearOC1Ref                          0x0800607d   Thumb Code    18  stm32f10x_tim.o(.text)
    TIM_ClearOC2Ref                          0x0800608f   Thumb Code    24  stm32f10x_tim.o(.text)
    TIM_ClearOC3Ref                          0x080060a7   Thumb Code    18  stm32f10x_tim.o(.text)
    TIM_ClearOC4Ref                          0x080060b9   Thumb Code    24  stm32f10x_tim.o(.text)
    TIM_OC1PolarityConfig                    0x080060d1   Thumb Code    18  stm32f10x_tim.o(.text)
    TIM_OC1NPolarityConfig                   0x080060e3   Thumb Code    18  stm32f10x_tim.o(.text)
    TIM_OC2PolarityConfig                    0x080060f5   Thumb Code    26  stm32f10x_tim.o(.text)
    TIM_OC2NPolarityConfig                   0x0800610f   Thumb Code    26  stm32f10x_tim.o(.text)
    TIM_OC3PolarityConfig                    0x08006129   Thumb Code    26  stm32f10x_tim.o(.text)
    TIM_OC3NPolarityConfig                   0x08006143   Thumb Code    26  stm32f10x_tim.o(.text)
    TIM_OC4PolarityConfig                    0x0800615d   Thumb Code    26  stm32f10x_tim.o(.text)
    TIM_CCxCmd                               0x08006177   Thumb Code    30  stm32f10x_tim.o(.text)
    TIM_CCxNCmd                              0x08006195   Thumb Code    30  stm32f10x_tim.o(.text)
    TIM_SelectOCxM                           0x080061b3   Thumb Code    82  stm32f10x_tim.o(.text)
    TIM_UpdateDisableConfig                  0x08006205   Thumb Code    24  stm32f10x_tim.o(.text)
    TIM_UpdateRequestConfig                  0x0800621d   Thumb Code    24  stm32f10x_tim.o(.text)
    TIM_SelectHallSensor                     0x08006235   Thumb Code    24  stm32f10x_tim.o(.text)
    TIM_SelectOnePulseMode                   0x0800624d   Thumb Code    18  stm32f10x_tim.o(.text)
    TIM_SelectOutputTrigger                  0x0800625f   Thumb Code    18  stm32f10x_tim.o(.text)
    TIM_SelectSlaveMode                      0x08006271   Thumb Code    18  stm32f10x_tim.o(.text)
    TIM_SelectMasterSlaveMode                0x08006283   Thumb Code    18  stm32f10x_tim.o(.text)
    TIM_SetCounter                           0x08006295   Thumb Code     4  stm32f10x_tim.o(.text)
    TIM_SetAutoreload                        0x08006299   Thumb Code     4  stm32f10x_tim.o(.text)
    TIM_SetCompare1                          0x0800629d   Thumb Code     4  stm32f10x_tim.o(.text)
    TIM_SetCompare2                          0x080062a1   Thumb Code     4  stm32f10x_tim.o(.text)
    TIM_SetCompare3                          0x080062a5   Thumb Code     4  stm32f10x_tim.o(.text)
    TIM_SetCompare4                          0x080062a9   Thumb Code     6  stm32f10x_tim.o(.text)
    TIM_SetClockDivision                     0x080062af   Thumb Code    18  stm32f10x_tim.o(.text)
    TIM_GetCapture1                          0x080062c1   Thumb Code     6  stm32f10x_tim.o(.text)
    TIM_GetCapture2                          0x080062c7   Thumb Code     6  stm32f10x_tim.o(.text)
    TIM_GetCapture3                          0x080062cd   Thumb Code     6  stm32f10x_tim.o(.text)
    TIM_GetCapture4                          0x080062d3   Thumb Code     8  stm32f10x_tim.o(.text)
    TIM_GetCounter                           0x080062db   Thumb Code     6  stm32f10x_tim.o(.text)
    TIM_GetPrescaler                         0x080062e1   Thumb Code     6  stm32f10x_tim.o(.text)
    TIM_GetFlagStatus                        0x080062e7   Thumb Code    18  stm32f10x_tim.o(.text)
    TIM_ClearFlag                            0x080062f9   Thumb Code     6  stm32f10x_tim.o(.text)
    TIM_GetITStatus                          0x080062ff   Thumb Code    34  stm32f10x_tim.o(.text)
    TIM_ClearITPendingBit                    0x08006321   Thumb Code     6  stm32f10x_tim.o(.text)
    EXTI_DeInit                              0x08006329   Thumb Code    28  stm32f10x_exti.o(.text)
    EXTI_Init                                0x08006345   Thumb Code   142  stm32f10x_exti.o(.text)
    EXTI_StructInit                          0x080063d3   Thumb Code    16  stm32f10x_exti.o(.text)
    EXTI_GenerateSWInterrupt                 0x080063e3   Thumb Code    16  stm32f10x_exti.o(.text)
    EXTI_GetFlagStatus                       0x080063f3   Thumb Code    22  stm32f10x_exti.o(.text)
    EXTI_ClearFlag                           0x08006409   Thumb Code     8  stm32f10x_exti.o(.text)
    EXTI_GetITStatus                         0x08006411   Thumb Code    34  stm32f10x_exti.o(.text)
    EXTI_ClearITPendingBit                   0x08006433   Thumb Code     8  stm32f10x_exti.o(.text)
    FLASH_SetLatency                         0x08006445   Thumb Code    18  stm32f10x_flash.o(.text)
    FLASH_HalfCycleAccessCmd                 0x08006457   Thumb Code    22  stm32f10x_flash.o(.text)
    FLASH_PrefetchBufferCmd                  0x0800646d   Thumb Code    22  stm32f10x_flash.o(.text)
    FLASH_Unlock                             0x08006483   Thumb Code    12  stm32f10x_flash.o(.text)
    FLASH_UnlockBank1                        0x0800648f   Thumb Code    12  stm32f10x_flash.o(.text)
    FLASH_Lock                               0x0800649b   Thumb Code    14  stm32f10x_flash.o(.text)
    FLASH_LockBank1                          0x080064a9   Thumb Code    14  stm32f10x_flash.o(.text)
    FLASH_GetBank1Status                     0x080064b7   Thumb Code    48  stm32f10x_flash.o(.text)
    FLASH_WaitForLastOperation               0x080064e7   Thumb Code    38  stm32f10x_flash.o(.text)
    FLASH_ErasePage                          0x0800650d   Thumb Code    72  stm32f10x_flash.o(.text)
    FLASH_EraseAllPages                      0x08006555   Thumb Code    68  stm32f10x_flash.o(.text)
    FLASH_WaitForLastBank1Operation          0x08006599   Thumb Code    38  stm32f10x_flash.o(.text)
    FLASH_EraseAllBank1Pages                 0x080065bf   Thumb Code    68  stm32f10x_flash.o(.text)
    FLASH_GetReadOutProtectionStatus         0x08006603   Thumb Code    20  stm32f10x_flash.o(.text)
    FLASH_EraseOptionBytes                   0x08006617   Thumb Code   150  stm32f10x_flash.o(.text)
    FLASH_ProgramWord                        0x080066ad   Thumb Code   102  stm32f10x_flash.o(.text)
    FLASH_ProgramHalfWord                    0x08006713   Thumb Code    60  stm32f10x_flash.o(.text)
    FLASH_ProgramOptionByteData              0x0800674f   Thumb Code    72  stm32f10x_flash.o(.text)
    FLASH_EnableWriteProtection              0x08006797   Thumb Code   200  stm32f10x_flash.o(.text)
    FLASH_ReadOutProtection                  0x0800685f   Thumb Code   156  stm32f10x_flash.o(.text)
    FLASH_UserOptionByteConfig               0x080068fb   Thumb Code    88  stm32f10x_flash.o(.text)
    FLASH_GetUserOptionByte                  0x08006953   Thumb Code     8  stm32f10x_flash.o(.text)
    FLASH_GetWriteProtectionOptionByte       0x0800695b   Thumb Code     6  stm32f10x_flash.o(.text)
    FLASH_GetPrefetchBufferStatus            0x08006961   Thumb Code    20  stm32f10x_flash.o(.text)
    FLASH_ITConfig                           0x08006975   Thumb Code    26  stm32f10x_flash.o(.text)
    FLASH_GetFlagStatus                      0x0800698f   Thumb Code    42  stm32f10x_flash.o(.text)
    FLASH_ClearFlag                          0x080069b9   Thumb Code     6  stm32f10x_flash.o(.text)
    FLASH_GetStatus                          0x080069bf   Thumb Code    48  stm32f10x_flash.o(.text)
    __c89vsprintf                            0x08006a01   Thumb Code    32  c89vsprintf.o(.text)
    strstr                                   0x08006a25   Thumb Code    36  strstr.o(.text)
    strlen                                   0x08006a49   Thumb Code    62  strlen.o(.text)
    __use_two_region_memory                  0x08006a87   Thumb Code     2  heapauxi.o(.text)
    __rt_heap_escrow$2region                 0x08006a89   Thumb Code     2  heapauxi.o(.text)
    __rt_heap_expand$2region                 0x08006a8b   Thumb Code     2  heapauxi.o(.text)
    _printf_pre_padding                      0x08006a8d   Thumb Code    44  _printf_pad.o(.text)
    _printf_post_padding                     0x08006ab9   Thumb Code    34  _printf_pad.o(.text)
    _printf_truncate_signed                  0x08006adb   Thumb Code    18  _printf_truncate.o(.text)
    _printf_truncate_unsigned                0x08006aed   Thumb Code    18  _printf_truncate.o(.text)
    _printf_str                              0x08006aff   Thumb Code    82  _printf_str.o(.text)
    _printf_int_dec                          0x08006b51   Thumb Code   104  _printf_dec.o(.text)
    _printf_charcount                        0x08006bc9   Thumb Code    40  _printf_charcount.o(.text)
    _printf_char_common                      0x08006bfb   Thumb Code    32  _printf_char_common.o(.text)
    _sputc                                   0x08006c21   Thumb Code    10  _sputc.o(.text)
    _printf_wctomb                           0x08006c2d   Thumb Code   182  _printf_wctomb.o(.text)
    _printf_longlong_dec                     0x08006ce9   Thumb Code   108  _printf_longlong_dec.o(.text)
    _printf_longlong_oct                     0x08006d65   Thumb Code    66  _printf_oct_int_ll.o(.text)
    _printf_int_oct                          0x08006da7   Thumb Code    24  _printf_oct_int_ll.o(.text)
    _printf_ll_oct                           0x08006dbf   Thumb Code    12  _printf_oct_int_ll.o(.text)
    _printf_longlong_hex                     0x08006dd5   Thumb Code    86  _printf_hex_int_ll_ptr.o(.text)
    _printf_int_hex                          0x08006e2b   Thumb Code    28  _printf_hex_int_ll_ptr.o(.text)
    _printf_ll_hex                           0x08006e47   Thumb Code    12  _printf_hex_int_ll_ptr.o(.text)
    _printf_hex_ptr                          0x08006e53   Thumb Code    18  _printf_hex_int_ll_ptr.o(.text)
    __printf                                 0x08006e69   Thumb Code   388  __printf_flags_ss_wp.o(.text)
    _ll_udiv10                               0x08006ff1   Thumb Code   138  lludiv10.o(.text)
    _printf_int_common                       0x0800707b   Thumb Code   178  _printf_intcommon.o(.text)
    __lib_sel_fp_printf                      0x0800712d   Thumb Code     2  _printf_fp_dec.o(.text)
    _printf_fp_dec_real                      0x080072df   Thumb Code   620  _printf_fp_dec.o(.text)
    _printf_cs_common                        0x0800754b   Thumb Code    20  _printf_char.o(.text)
    _printf_char                             0x0800755f   Thumb Code    16  _printf_char.o(.text)
    _printf_string                           0x0800756f   Thumb Code     8  _printf_char.o(.text)
    _printf_lcs_common                       0x08007577   Thumb Code    20  _printf_wchar.o(.text)
    _printf_wchar                            0x0800758b   Thumb Code    16  _printf_wchar.o(.text)
    _printf_wstring                          0x0800759b   Thumb Code     8  _printf_wchar.o(.text)
    _wcrtomb                                 0x080075a3   Thumb Code    64  _wcrtomb.o(.text)
    __user_setup_stackheap                   0x080075e3   Thumb Code    74  sys_stackheap_outer.o(.text)
    __rt_ctype_table                         0x0800762d   Thumb Code    16  rt_ctype_table.o(.text)
    __rt_locale                              0x0800763d   Thumb Code     8  rt_locale_intlibspace.o(.text)
    _printf_fp_infnan                        0x08007645   Thumb Code   112  _printf_fp_infnan.o(.text)
    _btod_etento                             0x080076c5   Thumb Code   224  bigflt0.o(.text)
    exit                                     0x080077a9   Thumb Code    18  exit.o(.text)
    __user_libspace                          0x080077bd   Thumb Code     8  libspace.o(.text)
    __user_perproc_libspace                  0x080077bd   Thumb Code     0  libspace.o(.text)
    __user_perthread_libspace                0x080077bd   Thumb Code     0  libspace.o(.text)
    strcmp                                   0x080077c5   Thumb Code   128  strcmpv7m.o(.text)
    _sys_exit                                0x08007845   Thumb Code     8  sys_exit.o(.text)
    __I$use$semihosting                      0x08007851   Thumb Code     0  use_no_semi.o(.text)
    __use_no_semihosting_swi                 0x08007851   Thumb Code     2  use_no_semi.o(.text)
    __semihosting_library_function           0x08007853   Thumb Code     0  indicate_semi.o(.text)
    _btod_d2e                                0x08007853   Thumb Code    62  btod.o(CL$$btod_d2e)
    _d2e_denorm_low                          0x08007891   Thumb Code    70  btod.o(CL$$btod_d2e_denorm_low)
    _d2e_norm_op1                            0x080078d7   Thumb Code    96  btod.o(CL$$btod_d2e_norm_op1)
    __btod_div_common                        0x08007937   Thumb Code   696  btod.o(CL$$btod_div_common)
    _e2e                                     0x08007c6f   Thumb Code   220  btod.o(CL$$btod_e2e)
    _btod_ediv                               0x08007d4b   Thumb Code    42  btod.o(CL$$btod_ediv)
    _btod_emul                               0x08007d75   Thumb Code    42  btod.o(CL$$btod_emul)
    __btod_mult_common                       0x08007d9f   Thumb Code   580  btod.o(CL$$btod_mult_common)
    __ARM_fpclassify                         0x08007fe3   Thumb Code    40  fpclassify.o(i.__ARM_fpclassify)
    _is_digit                                0x0800800b   Thumb Code    14  __printf_wp.o(i._is_digit)
    _get_lc_numeric                          0x08008019   Thumb Code    44  lc_numeric_c.o(locale$$code)
    _get_lc_ctype                            0x08008045   Thumb Code    44  lc_ctype_c.o(locale$$code)
    __aeabi_f2uiz                            0x08008071   Thumb Code     0  ffixu.o(x$fpl$ffixu)
    _ffixu                                   0x08008071   Thumb Code    62  ffixu.o(x$fpl$ffixu)
    __aeabi_fmul                             0x080080b1   Thumb Code     0  fmul.o(x$fpl$fmul)
    _fmul                                    0x080080b1   Thumb Code   258  fmul.o(x$fpl$fmul)
    __fpl_fnaninf                            0x080081b3   Thumb Code   140  fnaninf.o(x$fpl$fnaninf)
    __fpl_fretinf                            0x0800823f   Thumb Code    10  fretinf.o(x$fpl$fretinf)
    _printf_fp_dec                           0x08008249   Thumb Code     4  printf1.o(x$fpl$printf1)
    __I$use$fp                               0x0800824c   Number         0  usenofp.o(x$fpl$usenofp)
    ascii_1206                               0x0800824c   Data        1140  lcd.o(.constdata)
    ascii_1608                               0x080086c0   Data        1520  lcd.o(.constdata)
    ascii_2412                               0x08008cb0   Data        4560  lcd.o(.constdata)
    ascii_3216                               0x08009e80   Data        6080  lcd.o(.constdata)
    tfont12                                  0x0800b640   Data         130  lcd.o(.constdata)
    tfont16                                  0x0800b6c2   Data        3128  lcd.o(.constdata)
    tfont24                                  0x0800c2fa   Data         370  lcd.o(.constdata)
    tfont32                                  0x0800c46c   Data         650  lcd.o(.constdata)
    Region$$Table$$Base                      0x0800c7d0   Number         0  anon$$obj.o(Region$$Table)
    Region$$Table$$Limit                     0x0800c7f0   Number         0  anon$$obj.o(Region$$Table)
    __ctype                                  0x0800c819   Data           0  lc_ctype_c.o(locale$$data)
    SystemCoreClock                          0x20000000   Data           4  system_stm32f10x.o(.data)
    AHBPrescTable                            0x20000004   Data          16  system_stm32f10x.o(.data)
    password                                 0x20000014   Data           6  ui.o(.data)
    developer_password                       0x2000001a   Data           8  ui.o(.data)
    cardnumber                               0x20000022   Data           1  ui.o(.data)
    tempcard                                 0x20000023   Data           1  ui.o(.data)
    Type_flag                                0x20000024   Data           1  ui.o(.data)
    Open_flag                                0x20000025   Data           1  ui.o(.data)
    AS608Addr                                0x20000028   Data           4  as608.o(.data)
    N                                        0x2000002c   Data           2  as608user.o(.data)
    seach                                    0x2000002e   Data           4  as608user.o(.data)
    Check_flag                               0x20000032   Data           1  timer.o(.data)
    inOpen_flag                              0x20000033   Data           1  timer.o(.data)
    UID                                      0x20000034   Data           4  rc522.o(.data)
    Temp                                     0x20000038   Data           4  rc522.o(.data)
    UI0                                      0x2000003c   Data           4  rc522.o(.data)
    UI1                                      0x20000040   Data           4  rc522.o(.data)
    UI2                                      0x20000044   Data           4  rc522.o(.data)
    UI3                                      0x20000048   Data           4  rc522.o(.data)
    exsanitize_flag                          0x2000004c   Data           1  exti.o(.data)
    insanitize_flag                          0x2000004d   Data           1  exti.o(.data)
    intimcmd_flag                            0x2000004e   Data           1  exti.o(.data)
    USART1_RX_STA                            0x20000056   Data           2  usart.o(.data)
    AS608Para                                0x2000006c   Data          12  as608user.o(.bss)
    USART1_RX_BUF                            0x20000078   Data         400  usart.o(.bss)
    USART1_TX_BUF                            0x20000208   Data         400  usart.o(.bss)
    __libspace_start                         0x20000398   Data          96  libspace.o(.bss)
    __temporary_stack_top$libspace           0x200003f8   Data           0  libspace.o(.bss)



==============================================================================

Memory Map of the image

  Image Entry point : 0x08000131

  Load Region LR_IROM1 (Base: 0x08000000, Size: 0x0000c988, Max: 0x00010000, ABSOLUTE)

    Execution Region ER_IROM1 (Exec base: 0x08000000, Load base: 0x08000000, Size: 0x0000c91c, Max: 0x00010000, ABSOLUTE)

    Exec Addr    Load Addr    Size         Type   Attr      Idx    E Section Name        Object

    0x08000000   0x08000000   0x00000130   Data   RO          484    RESET               startup_stm32f10x_hd.o
    0x08000130   0x08000130   0x00000008   Code   RO          621  * !!!main             c_w.l(__main.o)
    0x08000138   0x08000138   0x00000034   Code   RO          945    !!!scatter          c_w.l(__scatter.o)
    0x0800016c   0x0800016c   0x0000001a   Code   RO          947    !!handler_copy      c_w.l(__scatter_copy.o)
    0x08000186   0x08000186   0x00000002   PAD
    0x08000188   0x08000188   0x0000001c   Code   RO          949    !!handler_zi        c_w.l(__scatter_zi.o)
    0x080001a4   0x080001a4   0x00000000   Code   RO          711    .ARM.Collect$$_printf_percent$$00000000  c_w.l(_printf_percent.o)
    0x080001a4   0x080001a4   0x00000006   Code   RO          700    .ARM.Collect$$_printf_percent$$00000001  c_w.l(_printf_n.o)
    0x080001aa   0x080001aa   0x00000006   Code   RO          702    .ARM.Collect$$_printf_percent$$00000002  c_w.l(_printf_p.o)
    0x080001b0   0x080001b0   0x00000006   Code   RO          707    .ARM.Collect$$_printf_percent$$00000003  c_w.l(_printf_f.o)
    0x080001b6   0x080001b6   0x00000006   Code   RO          708    .ARM.Collect$$_printf_percent$$00000004  c_w.l(_printf_e.o)
    0x080001bc   0x080001bc   0x00000006   Code   RO          709    .ARM.Collect$$_printf_percent$$00000005  c_w.l(_printf_g.o)
    0x080001c2   0x080001c2   0x00000006   Code   RO          710    .ARM.Collect$$_printf_percent$$00000006  c_w.l(_printf_a.o)
    0x080001c8   0x080001c8   0x0000000a   Code   RO          715    .ARM.Collect$$_printf_percent$$00000007  c_w.l(_printf_ll.o)
    0x080001d2   0x080001d2   0x00000006   Code   RO          704    .ARM.Collect$$_printf_percent$$00000008  c_w.l(_printf_i.o)
    0x080001d8   0x080001d8   0x00000006   Code   RO          705    .ARM.Collect$$_printf_percent$$00000009  c_w.l(_printf_d.o)
    0x080001de   0x080001de   0x00000006   Code   RO          706    .ARM.Collect$$_printf_percent$$0000000A  c_w.l(_printf_u.o)
    0x080001e4   0x080001e4   0x00000006   Code   RO          703    .ARM.Collect$$_printf_percent$$0000000B  c_w.l(_printf_o.o)
    0x080001ea   0x080001ea   0x00000006   Code   RO          701    .ARM.Collect$$_printf_percent$$0000000C  c_w.l(_printf_x.o)
    0x080001f0   0x080001f0   0x00000006   Code   RO          712    .ARM.Collect$$_printf_percent$$0000000D  c_w.l(_printf_lli.o)
    0x080001f6   0x080001f6   0x00000006   Code   RO          713    .ARM.Collect$$_printf_percent$$0000000E  c_w.l(_printf_lld.o)
    0x080001fc   0x080001fc   0x00000006   Code   RO          714    .ARM.Collect$$_printf_percent$$0000000F  c_w.l(_printf_llu.o)
    0x08000202   0x08000202   0x00000006   Code   RO          719    .ARM.Collect$$_printf_percent$$00000010  c_w.l(_printf_llo.o)
    0x08000208   0x08000208   0x00000006   Code   RO          720    .ARM.Collect$$_printf_percent$$00000011  c_w.l(_printf_llx.o)
    0x0800020e   0x0800020e   0x0000000a   Code   RO          716    .ARM.Collect$$_printf_percent$$00000012  c_w.l(_printf_l.o)
    0x08000218   0x08000218   0x00000006   Code   RO          698    .ARM.Collect$$_printf_percent$$00000013  c_w.l(_printf_c.o)
    0x0800021e   0x0800021e   0x00000006   Code   RO          699    .ARM.Collect$$_printf_percent$$00000014  c_w.l(_printf_s.o)
    0x08000224   0x08000224   0x00000006   Code   RO          717    .ARM.Collect$$_printf_percent$$00000015  c_w.l(_printf_lc.o)
    0x0800022a   0x0800022a   0x00000006   Code   RO          718    .ARM.Collect$$_printf_percent$$00000016  c_w.l(_printf_ls.o)
    0x08000230   0x08000230   0x00000004   Code   RO          755    .ARM.Collect$$_printf_percent$$00000017  c_w.l(_printf_percent_end.o)
    0x08000234   0x08000234   0x00000002   Code   RO          804    .ARM.Collect$$libinit$$00000000  c_w.l(libinit.o)
    0x08000236   0x08000236   0x00000000   Code   RO          820    .ARM.Collect$$libinit$$00000002  c_w.l(libinit2.o)
    0x08000236   0x08000236   0x00000000   Code   RO          822    .ARM.Collect$$libinit$$00000004  c_w.l(libinit2.o)
    0x08000236   0x08000236   0x00000000   Code   RO          825    .ARM.Collect$$libinit$$0000000A  c_w.l(libinit2.o)
    0x08000236   0x08000236   0x00000000   Code   RO          827    .ARM.Collect$$libinit$$0000000C  c_w.l(libinit2.o)
    0x08000236   0x08000236   0x00000000   Code   RO          829    .ARM.Collect$$libinit$$0000000E  c_w.l(libinit2.o)
    0x08000236   0x08000236   0x00000006   Code   RO          830    .ARM.Collect$$libinit$$0000000F  c_w.l(libinit2.o)
    0x0800023c   0x0800023c   0x00000000   Code   RO          832    .ARM.Collect$$libinit$$00000011  c_w.l(libinit2.o)
    0x0800023c   0x0800023c   0x0000000c   Code   RO          833    .ARM.Collect$$libinit$$00000012  c_w.l(libinit2.o)
    0x08000248   0x08000248   0x00000000   Code   RO          834    .ARM.Collect$$libinit$$00000013  c_w.l(libinit2.o)
    0x08000248   0x08000248   0x00000000   Code   RO          836    .ARM.Collect$$libinit$$00000015  c_w.l(libinit2.o)
    0x08000248   0x08000248   0x0000000a   Code   RO          837    .ARM.Collect$$libinit$$00000016  c_w.l(libinit2.o)
    0x08000252   0x08000252   0x00000000   Code   RO          838    .ARM.Collect$$libinit$$00000017  c_w.l(libinit2.o)
    0x08000252   0x08000252   0x00000000   Code   RO          840    .ARM.Collect$$libinit$$00000019  c_w.l(libinit2.o)
    0x08000252   0x08000252   0x00000000   Code   RO          842    .ARM.Collect$$libinit$$0000001B  c_w.l(libinit2.o)
    0x08000252   0x08000252   0x00000000   Code   RO          844    .ARM.Collect$$libinit$$0000001D  c_w.l(libinit2.o)
    0x08000252   0x08000252   0x00000000   Code   RO          846    .ARM.Collect$$libinit$$0000001F  c_w.l(libinit2.o)
    0x08000252   0x08000252   0x00000000   Code   RO          848    .ARM.Collect$$libinit$$00000021  c_w.l(libinit2.o)
    0x08000252   0x08000252   0x00000000   Code   RO          850    .ARM.Collect$$libinit$$00000023  c_w.l(libinit2.o)
    0x08000252   0x08000252   0x00000000   Code   RO          852    .ARM.Collect$$libinit$$00000025  c_w.l(libinit2.o)
    0x08000252   0x08000252   0x00000000   Code   RO          856    .ARM.Collect$$libinit$$0000002C  c_w.l(libinit2.o)
    0x08000252   0x08000252   0x00000000   Code   RO          858    .ARM.Collect$$libinit$$0000002E  c_w.l(libinit2.o)
    0x08000252   0x08000252   0x00000000   Code   RO          860    .ARM.Collect$$libinit$$00000030  c_w.l(libinit2.o)
    0x08000252   0x08000252   0x00000000   Code   RO          862    .ARM.Collect$$libinit$$00000032  c_w.l(libinit2.o)
    0x08000252   0x08000252   0x00000002   Code   RO          863    .ARM.Collect$$libinit$$00000033  c_w.l(libinit2.o)
    0x08000254   0x08000254   0x00000002   Code   RO          883    .ARM.Collect$$libshutdown$$00000000  c_w.l(libshutdown.o)
    0x08000256   0x08000256   0x00000000   Code   RO          896    .ARM.Collect$$libshutdown$$00000002  c_w.l(libshutdown2.o)
    0x08000256   0x08000256   0x00000000   Code   RO          898    .ARM.Collect$$libshutdown$$00000004  c_w.l(libshutdown2.o)
    0x08000256   0x08000256   0x00000000   Code   RO          900    .ARM.Collect$$libshutdown$$00000006  c_w.l(libshutdown2.o)
    0x08000256   0x08000256   0x00000000   Code   RO          903    .ARM.Collect$$libshutdown$$00000009  c_w.l(libshutdown2.o)
    0x08000256   0x08000256   0x00000000   Code   RO          906    .ARM.Collect$$libshutdown$$0000000C  c_w.l(libshutdown2.o)
    0x08000256   0x08000256   0x00000000   Code   RO          908    .ARM.Collect$$libshutdown$$0000000E  c_w.l(libshutdown2.o)
    0x08000256   0x08000256   0x00000000   Code   RO          911    .ARM.Collect$$libshutdown$$00000011  c_w.l(libshutdown2.o)
    0x08000256   0x08000256   0x00000002   Code   RO          912    .ARM.Collect$$libshutdown$$00000012  c_w.l(libshutdown2.o)
    0x08000258   0x08000258   0x00000000   Code   RO          629    .ARM.Collect$$rtentry$$00000000  c_w.l(__rtentry.o)
    0x08000258   0x08000258   0x00000000   Code   RO          729    .ARM.Collect$$rtentry$$00000002  c_w.l(__rtentry2.o)
    0x08000258   0x08000258   0x00000006   Code   RO          741    .ARM.Collect$$rtentry$$00000004  c_w.l(__rtentry4.o)
    0x0800025e   0x0800025e   0x00000000   Code   RO          731    .ARM.Collect$$rtentry$$00000009  c_w.l(__rtentry2.o)
    0x0800025e   0x0800025e   0x00000004   Code   RO          732    .ARM.Collect$$rtentry$$0000000A  c_w.l(__rtentry2.o)
    0x08000262   0x08000262   0x00000000   Code   RO          734    .ARM.Collect$$rtentry$$0000000C  c_w.l(__rtentry2.o)
    0x08000262   0x08000262   0x00000008   Code   RO          735    .ARM.Collect$$rtentry$$0000000D  c_w.l(__rtentry2.o)
    0x0800026a   0x0800026a   0x00000002   Code   RO          812    .ARM.Collect$$rtexit$$00000000  c_w.l(rtexit.o)
    0x0800026c   0x0800026c   0x00000000   Code   RO          865    .ARM.Collect$$rtexit$$00000002  c_w.l(rtexit2.o)
    0x0800026c   0x0800026c   0x00000004   Code   RO          866    .ARM.Collect$$rtexit$$00000003  c_w.l(rtexit2.o)
    0x08000270   0x08000270   0x00000006   Code   RO          867    .ARM.Collect$$rtexit$$00000004  c_w.l(rtexit2.o)
    0x08000276   0x08000276   0x00000002   PAD
    0x08000278   0x08000278   0x0000008c   Code   RO            1    .text               main.o
    0x08000304   0x08000304   0x0000001a   Code   RO          160    .text               stm32f10x_it.o
    0x0800031e   0x0800031e   0x00000002   PAD
    0x08000320   0x08000320   0x000001e0   Code   RO          201    .text               system_stm32f10x.o
    0x08000500   0x08000500   0x000016a0   Code   RO          219    .text               ui.o
    0x08001ba0   0x08001ba0   0x000000e4   Code   RO          238    .text               led.o
    0x08001c84   0x08001c84   0x0000024c   Code   RO          250    .text               key.o
    0x08001ed0   0x08001ed0   0x00000ad4   Code   RO          268    .text               lcd.o
    0x080029a4   0x080029a4   0x000002f0   Code   RO          289    .text               lcd_init.o
    0x08002c94   0x08002c94   0x000009a0   Code   RO          301    .text               as608.o
    0x08003634   0x08003634   0x000003d0   Code   RO          319    .text               as608user.o
    0x08003a04   0x08003a04   0x000001a4   Code   RO          335    .text               timer.o
    0x08003ba8   0x08003ba8   0x000008f4   Code   RO          358    .text               rc522.o
    0x0800449c   0x0800449c   0x00000150   Code   RO          373    .text               exti.o
    0x080045ec   0x080045ec   0x00000038   Code   RO          388    .text               beep.o
    0x08004624   0x08004624   0x000000d4   Code   RO          400    .text               delay.o
    0x080046f8   0x080046f8   0x0000017c   Code   RO          431    .text               usart.o
    0x08004874   0x08004874   0x00000074   Code   RO          460    .text               flash.o
    0x080048e8   0x080048e8   0x00000040   Code   RO          485    .text               startup_stm32f10x_hd.o
    0x08004928   0x08004928   0x000000dc   Code   RO          489    .text               misc.o
    0x08004a04   0x08004a04   0x0000035c   Code   RO          513    .text               stm32f10x_gpio.o
    0x08004d60   0x08004d60   0x000003a4   Code   RO          525    .text               stm32f10x_rcc.o
    0x08005104   0x08005104   0x00000408   Code   RO          539    .text               stm32f10x_usart.o
    0x0800550c   0x0800550c   0x00000e1a   Code   RO          551    .text               stm32f10x_tim.o
    0x08006326   0x08006326   0x00000002   PAD
    0x08006328   0x08006328   0x0000011c   Code   RO          587    .text               stm32f10x_exti.o
    0x08006444   0x08006444   0x000005bc   Code   RO          599    .text               stm32f10x_flash.o
    0x08006a00   0x08006a00   0x00000024   Code   RO          613    .text               c_w.l(c89vsprintf.o)
    0x08006a24   0x08006a24   0x00000024   Code   RO          615    .text               c_w.l(strstr.o)
    0x08006a48   0x08006a48   0x0000003e   Code   RO          617    .text               c_w.l(strlen.o)
    0x08006a86   0x08006a86   0x00000006   Code   RO          619    .text               c_w.l(heapauxi.o)
    0x08006a8c   0x08006a8c   0x0000004e   Code   RO          632    .text               c_w.l(_printf_pad.o)
    0x08006ada   0x08006ada   0x00000024   Code   RO          634    .text               c_w.l(_printf_truncate.o)
    0x08006afe   0x08006afe   0x00000052   Code   RO          636    .text               c_w.l(_printf_str.o)
    0x08006b50   0x08006b50   0x00000078   Code   RO          638    .text               c_w.l(_printf_dec.o)
    0x08006bc8   0x08006bc8   0x00000028   Code   RO          640    .text               c_w.l(_printf_charcount.o)
    0x08006bf0   0x08006bf0   0x00000030   Code   RO          642    .text               c_w.l(_printf_char_common.o)
    0x08006c20   0x08006c20   0x0000000a   Code   RO          644    .text               c_w.l(_sputc.o)
    0x08006c2a   0x08006c2a   0x00000002   PAD
    0x08006c2c   0x08006c2c   0x000000bc   Code   RO          646    .text               c_w.l(_printf_wctomb.o)
    0x08006ce8   0x08006ce8   0x0000007c   Code   RO          649    .text               c_w.l(_printf_longlong_dec.o)
    0x08006d64   0x08006d64   0x00000070   Code   RO          655    .text               c_w.l(_printf_oct_int_ll.o)
    0x08006dd4   0x08006dd4   0x00000094   Code   RO          675    .text               c_w.l(_printf_hex_int_ll_ptr.o)
    0x08006e68   0x08006e68   0x00000188   Code   RO          695    .text               c_w.l(__printf_flags_ss_wp.o)
    0x08006ff0   0x08006ff0   0x0000008a   Code   RO          743    .text               c_w.l(lludiv10.o)
    0x0800707a   0x0800707a   0x000000b2   Code   RO          745    .text               c_w.l(_printf_intcommon.o)
    0x0800712c   0x0800712c   0x0000041e   Code   RO          747    .text               c_w.l(_printf_fp_dec.o)
    0x0800754a   0x0800754a   0x0000002c   Code   RO          751    .text               c_w.l(_printf_char.o)
    0x08007576   0x08007576   0x0000002c   Code   RO          753    .text               c_w.l(_printf_wchar.o)
    0x080075a2   0x080075a2   0x00000040   Code   RO          756    .text               c_w.l(_wcrtomb.o)
    0x080075e2   0x080075e2   0x0000004a   Code   RO          758    .text               c_w.l(sys_stackheap_outer.o)
    0x0800762c   0x0800762c   0x00000010   Code   RO          760    .text               c_w.l(rt_ctype_table.o)
    0x0800763c   0x0800763c   0x00000008   Code   RO          765    .text               c_w.l(rt_locale_intlibspace.o)
    0x08007644   0x08007644   0x00000080   Code   RO          767    .text               c_w.l(_printf_fp_infnan.o)
    0x080076c4   0x080076c4   0x000000e4   Code   RO          769    .text               c_w.l(bigflt0.o)
    0x080077a8   0x080077a8   0x00000012   Code   RO          797    .text               c_w.l(exit.o)
    0x080077ba   0x080077ba   0x00000002   PAD
    0x080077bc   0x080077bc   0x00000008   Code   RO          809    .text               c_w.l(libspace.o)
    0x080077c4   0x080077c4   0x00000080   Code   RO          817    .text               c_w.l(strcmpv7m.o)
    0x08007844   0x08007844   0x0000000c   Code   RO          875    .text               c_w.l(sys_exit.o)
    0x08007850   0x08007850   0x00000002   Code   RO          886    .text               c_w.l(use_no_semi.o)
    0x08007852   0x08007852   0x00000000   Code   RO          888    .text               c_w.l(indicate_semi.o)
    0x08007852   0x08007852   0x0000003e   Code   RO          772    CL$$btod_d2e        c_w.l(btod.o)
    0x08007890   0x08007890   0x00000046   Code   RO          774    CL$$btod_d2e_denorm_low  c_w.l(btod.o)
    0x080078d6   0x080078d6   0x00000060   Code   RO          773    CL$$btod_d2e_norm_op1  c_w.l(btod.o)
    0x08007936   0x08007936   0x00000338   Code   RO          782    CL$$btod_div_common  c_w.l(btod.o)
    0x08007c6e   0x08007c6e   0x000000dc   Code   RO          779    CL$$btod_e2e        c_w.l(btod.o)
    0x08007d4a   0x08007d4a   0x0000002a   Code   RO          776    CL$$btod_ediv       c_w.l(btod.o)
    0x08007d74   0x08007d74   0x0000002a   Code   RO          775    CL$$btod_emul       c_w.l(btod.o)
    0x08007d9e   0x08007d9e   0x00000244   Code   RO          781    CL$$btod_mult_common  c_w.l(btod.o)
    0x08007fe2   0x08007fe2   0x00000028   Code   RO          807    i.__ARM_fpclassify  m_ws.l(fpclassify.o)
    0x0800800a   0x0800800a   0x0000000e   Code   RO          688    i._is_digit         c_w.l(__printf_wp.o)
    0x08008018   0x08008018   0x0000002c   Code   RO          795    locale$$code        c_w.l(lc_numeric_c.o)
    0x08008044   0x08008044   0x0000002c   Code   RO          815    locale$$code        c_w.l(lc_ctype_c.o)
    0x08008070   0x08008070   0x0000003e   Code   RO          623    x$fpl$ffixu         fz_ws.l(ffixu.o)
    0x080080ae   0x080080ae   0x00000002   PAD
    0x080080b0   0x080080b0   0x00000102   Code   RO          627    x$fpl$fmul          fz_ws.l(fmul.o)
    0x080081b2   0x080081b2   0x0000008c   Code   RO          721    x$fpl$fnaninf       fz_ws.l(fnaninf.o)
    0x0800823e   0x0800823e   0x0000000a   Code   RO          723    x$fpl$fretinf       fz_ws.l(fretinf.o)
    0x08008248   0x08008248   0x00000004   Code   RO          725    x$fpl$printf1       fz_ws.l(printf1.o)
    0x0800824c   0x0800824c   0x00000000   Code   RO          727    x$fpl$usenofp       fz_ws.l(usenofp.o)
    0x0800824c   0x0800824c   0x000044aa   Data   RO          269    .constdata          lcd.o
    0x0800c6f6   0x0800c6f6   0x00000002   PAD
    0x0800c6f8   0x0800c6f8   0x00000008   Data   RO          647    .constdata          c_w.l(_printf_wctomb.o)
    0x0800c700   0x0800c700   0x00000028   Data   RO          676    .constdata          c_w.l(_printf_hex_int_ll_ptr.o)
    0x0800c728   0x0800c728   0x00000011   Data   RO          696    .constdata          c_w.l(__printf_flags_ss_wp.o)
    0x0800c739   0x0800c739   0x00000003   PAD
    0x0800c73c   0x0800c73c   0x00000094   Data   RO          770    .constdata          c_w.l(bigflt0.o)
    0x0800c7d0   0x0800c7d0   0x00000020   Data   RO          943    Region$$Table       anon$$obj.o
    0x0800c7f0   0x0800c7f0   0x0000001c   Data   RO          794    locale$$data        c_w.l(lc_numeric_c.o)
    0x0800c80c   0x0800c80c   0x00000110   Data   RO          814    locale$$data        c_w.l(lc_ctype_c.o)


    Execution Region RW_IRAM1 (Exec base: 0x20000000, Load base: 0x0800c91c, Size: 0x000009f8, Max: 0x00005000, ABSOLUTE)

    Exec Addr    Load Addr    Size         Type   Attr      Idx    E Section Name        Object

    0x20000000   0x0800c91c   0x00000014   Data   RW          202    .data               system_stm32f10x.o
    0x20000014   0x0800c930   0x00000012   Data   RW          220    .data               ui.o
    0x20000026   0x0800c942   0x00000002   PAD
    0x20000028   0x0800c944   0x00000004   Data   RW          302    .data               as608.o
    0x2000002c   0x0800c948   0x00000006   Data   RW          321    .data               as608user.o
    0x20000032   0x0800c94e   0x00000002   Data   RW          336    .data               timer.o
    0x20000034   0x0800c950   0x00000018   Data   RW          359    .data               rc522.o
    0x2000004c   0x0800c968   0x00000005   Data   RW          374    .data               exti.o
    0x20000051   0x0800c96d   0x00000001   PAD
    0x20000052   0x0800c96e   0x00000004   Data   RW          401    .data               delay.o
    0x20000056   0x0800c972   0x00000002   Data   RW          433    .data               usart.o
    0x20000058   0x0800c974   0x00000014   Data   RW          526    .data               stm32f10x_rcc.o
    0x2000006c        -       0x0000000c   Zero   RW          320    .bss                as608user.o
    0x20000078        -       0x00000320   Zero   RW          432    .bss                usart.o
    0x20000398        -       0x00000060   Zero   RW          810    .bss                c_w.l(libspace.o)
    0x200003f8        -       0x00000200   Zero   RW          483    HEAP                startup_stm32f10x_hd.o
    0x200005f8        -       0x00000400   Zero   RW          482    STACK               startup_stm32f10x_hd.o


==============================================================================

Image component sizes


      Code (inc. data)   RO Data    RW Data    ZI Data      Debug   Object Name

      2464        554          0          4          0       8354   as608.o
       976        248          0          6         12       1796   as608user.o
        56          6          0          0          0        476   beep.o
       212         18          0          4          0       1015   delay.o
       336         30          0          5          0       1247   exti.o
       116          0          0          0          0       1090   flash.o
       588          6          0          0          0        984   key.o
      2772         40      17578          0          0      10385   lcd.o
       752          4          0          0          0       2002   lcd_init.o
       228         16          0          0          0        915   led.o
       140         24          0          0          0     260823   main.o
       220         22          0          0          0       1773   misc.o
      2292         38          0         24          0       7777   rc522.o
        64         26        304          0       1536        784   startup_stm32f10x_hd.o
       284         10          0          0          0       2231   stm32f10x_exti.o
      1468         34          0          0          0       8182   stm32f10x_flash.o
       860         38          0          0          0       5705   stm32f10x_gpio.o
        26          0          0          0          0       1166   stm32f10x_it.o
       932         36          0         20          0       8872   stm32f10x_rcc.o
      3610         88          0          0          0      22816   stm32f10x_tim.o
      1032         22          0          0          0       8432   stm32f10x_usart.o
         0          0          0          0          0         32   sys.o
       480         38          0         20          0       1695   system_stm32f10x.o
       420         28          0          2          0       1969   timer.o
      5792        940          0         18          0       9193   ui.o
       380         26          0          2        800       2494   usart.o

    ----------------------------------------------------------------------
     26504       2292      17916        108       2348     372208   Object Totals
         0          0         32          0          0          0   (incl. Generated)
         4          0          2          3          0          0   (incl. Padding)

    ----------------------------------------------------------------------

      Code (inc. data)   RO Data    RW Data    ZI Data      Debug   Library Member Name

         8          0          0          0          0         68   __main.o
       392          4         17          0          0         92   __printf_flags_ss_wp.o
        14          0          0          0          0         68   __printf_wp.o
         0          0          0          0          0          0   __rtentry.o
        12          0          0          0          0          0   __rtentry2.o
         6          0          0          0          0          0   __rtentry4.o
        52          8          0          0          0          0   __scatter.o
        26          0          0          0          0          0   __scatter_copy.o
        28          0          0          0          0          0   __scatter_zi.o
         6          0          0          0          0          0   _printf_a.o
         6          0          0          0          0          0   _printf_c.o
        44          0          0          0          0        108   _printf_char.o
        48          6          0          0          0         96   _printf_char_common.o
        40          0          0          0          0         68   _printf_charcount.o
         6          0          0          0          0          0   _printf_d.o
       120         16          0          0          0         92   _printf_dec.o
         6          0          0          0          0          0   _printf_e.o
         6          0          0          0          0          0   _printf_f.o
      1054          0          0          0          0        216   _printf_fp_dec.o
       128         16          0          0          0         84   _printf_fp_infnan.o
         6          0          0          0          0          0   _printf_g.o
       148          4         40          0          0        160   _printf_hex_int_ll_ptr.o
         6          0          0          0          0          0   _printf_i.o
       178          0          0          0          0         88   _printf_intcommon.o
        10          0          0          0          0          0   _printf_l.o
         6          0          0          0          0          0   _printf_lc.o
        10          0          0          0          0          0   _printf_ll.o
         6          0          0          0          0          0   _printf_lld.o
         6          0          0          0          0          0   _printf_lli.o
         6          0          0          0          0          0   _printf_llo.o
         6          0          0          0          0          0   _printf_llu.o
         6          0          0          0          0          0   _printf_llx.o
       124         16          0          0          0         92   _printf_longlong_dec.o
         6          0          0          0          0          0   _printf_ls.o
         6          0          0          0          0          0   _printf_n.o
         6          0          0          0          0          0   _printf_o.o
       112         10          0          0          0        124   _printf_oct_int_ll.o
         6          0          0          0          0          0   _printf_p.o
        78          0          0          0          0        108   _printf_pad.o
         0          0          0          0          0          0   _printf_percent.o
         4          0          0          0          0          0   _printf_percent_end.o
         6          0          0          0          0          0   _printf_s.o
        82          0          0          0          0         80   _printf_str.o
        36          0          0          0          0         84   _printf_truncate.o
         6          0          0          0          0          0   _printf_u.o
        44          0          0          0          0        108   _printf_wchar.o
       188          6          8          0          0         92   _printf_wctomb.o
         6          0          0          0          0          0   _printf_x.o
        10          0          0          0          0         68   _sputc.o
        64          0          0          0          0         92   _wcrtomb.o
       228          4        148          0          0         96   bigflt0.o
      1936        128          0          0          0        672   btod.o
        36          4          0          0          0         76   c89vsprintf.o
        18          0          0          0          0         80   exit.o
         6          0          0          0          0        152   heapauxi.o
         0          0          0          0          0          0   indicate_semi.o
        44         10        272          0          0         76   lc_ctype_c.o
        44         10         28          0          0         76   lc_numeric_c.o
         2          0          0          0          0          0   libinit.o
        30          0          0          0          0          0   libinit2.o
         2          0          0          0          0          0   libshutdown.o
         2          0          0          0          0          0   libshutdown2.o
         8          4          0          0         96         68   libspace.o
       138          0          0          0          0         80   lludiv10.o
        16          4          0          0          0         76   rt_ctype_table.o
         8          4          0          0          0         68   rt_locale_intlibspace.o
         2          0          0          0          0          0   rtexit.o
        10          0          0          0          0          0   rtexit2.o
       128          0          0          0          0         68   strcmpv7m.o
        62          0          0          0          0         76   strlen.o
        36          0          0          0          0         80   strstr.o
        12          4          0          0          0         68   sys_exit.o
        74          0          0          0          0         80   sys_stackheap_outer.o
         2          0          0          0          0         68   use_no_semi.o
        62          4          0          0          0         84   ffixu.o
       258          4          0          0          0         84   fmul.o
       140          4          0          0          0         84   fnaninf.o
        10          0          0          0          0         68   fretinf.o
         4          0          0          0          0         68   printf1.o
         0          0          0          0          0          0   usenofp.o
        40          0          0          0          0         68   fpclassify.o

    ----------------------------------------------------------------------
      6548        270        516          0         96       4404   Library Totals
        10          0          3          0          0          0   (incl. Padding)

    ----------------------------------------------------------------------

      Code (inc. data)   RO Data    RW Data    ZI Data      Debug   Library Name

      6024        258        513          0         96       3948   c_w.l
       474         12          0          0          0        388   fz_ws.l
        40          0          0          0          0         68   m_ws.l

    ----------------------------------------------------------------------
      6548        270        516          0         96       4404   Library Totals

    ----------------------------------------------------------------------

==============================================================================


      Code (inc. data)   RO Data    RW Data    ZI Data      Debug   

     33052       2562      18432        108       2444     372292   Grand Totals
     33052       2562      18432        108       2444     372292   ELF Image Totals
     33052       2562      18432        108          0          0   ROM Totals

==============================================================================

    Total RO  Size (Code + RO Data)                51484 (  50.28kB)
    Total RW  Size (RW Data + ZI Data)              2552 (   2.49kB)
    Total ROM Size (Code + RO Data + RW Data)      51592 (  50.38kB)

==============================================================================

